 oracledb

 Timestamp is 5bed4771 (Thu Nov 15 18:16:17 2018)

 Preferred load address is 10000000

 Start         Length     Name                   Class
 0001:00000000 00000180H .text$di                CODE
 0001:00000180 000497b0H .text$mn                CODE
 0001:00049930 00001a60H .text$x                 CODE
 0001:0004b390 000002f1H .text$yd                CODE
 0002:00000000 00000154H .idata$5                DATA
 0002:00000154 00000004H .00cfg                  DATA
 0002:00000158 00000004H .CRT$XCA                DATA
 0002:0000015c 00000038H .CRT$XCU                DATA
 0002:00000194 00000004H .CRT$XCZ                DATA
 0002:00000198 00000004H .CRT$XIA                DATA
 0002:0000019c 0000000cH .CRT$XIC                DATA
 0002:000001a8 00000004H .CRT$XIZ                DATA
 0002:000001ac 00000004H .CRT$XPA                DATA
 0002:000001b0 00000008H .CRT$XPX                DATA
 0002:000001b8 00000004H .CRT$XPXA               DATA
 0002:000001bc 00000004H .CRT$XPZ                DATA
 0002:000001c0 00000004H .CRT$XTA                DATA
 0002:000001c4 0000000cH .CRT$XTZ                DATA
 0002:000001c8 00000000H .gfids$y                DATA
 0002:000001d0 0000bfa0H .rdata                  DATA
 0002:0000c170 00000220H .rdata$r                DATA
 0002:0000c390 000001a8H .rdata$sxdata           DATA
 0002:0000c538 000003b0H .rdata$zzzdbg           DATA
 0002:0000c8e8 00000004H .rtc$IAA                DATA
 0002:0000c8ec 00000004H .rtc$IZZ                DATA
 0002:0000c8f0 00000004H .rtc$TAA                DATA
 0002:0000c8f4 00000004H .rtc$TZZ                DATA
 0002:0000c8f8 00001f3cH .xdata$x                DATA
 0002:0000e834 00000020H .didat$2                DATA
 0002:0000e854 00000020H .didat$3                DATA
 0002:0000e874 000001a8H .didat$4                DATA
 0002:0000ea1c 00001920H .didat$6                DATA
 0002:0001033c 000001b4H .didat$7                DATA
 0002:000104f0 00000054H .edata                  DATA
 0002:00010544 00000014H .idata$2                DATA
 0002:00010558 00000014H .idata$3                DATA
 0002:0001056c 00000154H .idata$4                DATA
 0002:000106c0 00000622H .idata$6                DATA
 0003:00000000 00000910H .data                   DATA
 0003:00000910 000000d8H .data$r                 DATA
 0003:000009e8 000001a8H .didat$5                DATA
 0003:00000b90 000019b0H .bss                    DATA
 0004:00000000 00000060H .rsrc$01                DATA
 0004:00000060 00000180H .rsrc$02                DATA

  Address         Publics by Value              Rva+Base       Lib:Object

 0000:00000000       ___guard_fids_count        00000000     <absolute>
 0000:00000000       ___hybrid_code_map_count   00000000     <absolute>
 0000:00000000       ___guard_iat_count         00000000     <absolute>
 0000:00000000       ___dynamic_value_reloc_table 00000000     <absolute>
 0000:00000000       ___guard_longjmp_count     00000000     <absolute>
 0000:00000000       __except_list              00000000     <absolute>
 0000:00000000       ___guard_fids_table        00000000     <absolute>
 0000:00000000       ___guard_longjmp_table     00000000     <absolute>
 0000:00000000       ___guard_iat_table         00000000     <absolute>
 0000:00000000       ___hybrid_auxiliary_iat    00000000     <absolute>
 0000:00000000       ___volatile_metadata       00000000     <absolute>
 0000:00000000       ___enclave_config          00000000     <absolute>
 0000:00000000       ___hybrid_code_map         00000000     <absolute>
 0000:0000006a       ___safe_se_handler_count   0000006a     <absolute>
 0000:00000100       ___guard_flags             00000100     <absolute>
 0000:00000000       ___ImageBase               10000000     <linker-defined>
 0001:00000180       ?Set@Nan@@YA?AV?$Maybe@_N@v8@@V?$Local@VObject@v8@@@3@V?$Local@VValue@v8@@@3@1@Z 10001180 f i njsCommon.obj
 0001:00000200       ?Get@Nan@@YA?AV?$MaybeLocal@VValue@v8@@@v8@@V?$Local@VObject@v8@@@3@V?$Local@VValue@v8@@@3@@Z 10001200 f i njsCommon.obj
 0001:00000290       ?New@?$Factory@VNumber@v8@@@imp@Nan@@SA?AV?$Local@VNumber@v8@@@v8@@N@Z 10001290 f i njsCommon.obj
 0001:000002c0       ??0AsyncResource@Nan@@QAE@PBDV?$Local@VObject@v8@@@v8@@@Z 100012c0 f i njsCommon.obj
 0001:00000360       ??1HandleScope@Nan@@QAE@XZ 10001360 f i njsCommon.obj
 0001:00000360       ??1EscapableHandleScope@Nan@@QAE@XZ 10001360 f i njsCommon.obj
 0001:00000370       ?ThrowError@Nan@@YAXPBD@Z  10001370 f i njsCommon.obj
 0001:00000410       ??0Utf8String@Nan@@QAE@V?$Local@VValue@v8@@@v8@@@Z 10001410 f i njsCommon.obj
 0001:00000510       ??1Utf8String@Nan@@QAE@XZ  10001510 f i njsCommon.obj
 0001:00000530       ??1?$Persistent@VArray@v8@@V?$NonCopyablePersistentTraits@VArray@v8@@@2@@Nan@@QAE@XZ 10001530 f i njsOracle.obj
 0001:00000530       ??1?$Persistent@VFunction@v8@@V?$NonCopyablePersistentTraits@VFunction@v8@@@2@@Nan@@QAE@XZ 10001530 f i njsCommon.obj
 0001:00000530       ??1?$Persistent@VObject@v8@@V?$NonCopyablePersistentTraits@VObject@v8@@@2@@Nan@@QAE@XZ 10001530 f i njsCommon.obj
 0001:00000570       ??0njsBaton@@QAE@V?$Local@VFunction@v8@@@v8@@V?$Local@VObject@v8@@@2@@Z 10001570 f i njsCommon.obj
 0001:00000b80       ??1njsProtoILob@@QAE@XZ    10001b80 f i njsCommon.obj
 0001:00000be0       ??1njsVariableBuffer@@QAE@XZ 10001be0 f   njsCommon.obj
 0001:00000c60       ??_EnjsProtoILob@@QAEPAXI@Z 10001c60 f i njsCommon.obj
 0001:00000cc0       ??1njsVariable@@QAE@XZ     10001cc0 f   njsCommon.obj
 0001:00000e30       ??1njsBaton@@QAE@XZ        10001e30 f   njsCommon.obj
 0001:00001630       ?CheckJSException@njsBaton@@QAEXPAVTryCatch@Nan@@@Z 10002630 f   njsCommon.obj
 0001:00001770       ?ClearAsyncData@njsBaton@@QAEXXZ 10002770 f   njsCommon.obj
 0001:00001ca0       ??1?$basic_string@DU?$char_traits@D@std@@V?$allocator@D@2@@std@@QAE@XZ 10002ca0 f i njsCommon.obj
 0001:00001ca0       ??1njsFetchInfo@@QAE@XZ    10002ca0 f i njsCommon.obj
 0001:00001cf0       ?GetOracledb@njsBaton@@QAEPAVnjsOracledb@@XZ 10002cf0 f   njsCommon.obj
 0001:00001de0       ?AsyncWorkCallback@njsBaton@@CAXPAUuv_work_s@@@Z 10002de0 f   njsCommon.obj
 0001:00001e10       ?AsyncAfterWorkCallback@njsBaton@@CAXPAUuv_work_s@@H@Z 10002e10 f   njsCommon.obj
 0001:000021f0       ??1TryCatch@Nan@@QAE@XZ    100031f0 f i njsCommon.obj
 0001:00002200       ?GetDPIError@njsBaton@@QAEXXZ 10003200 f   njsCommon.obj
 0001:00002360       ?SetDPIConnHandle@njsBaton@@QAEXPAUdpiConn@@@Z 10003360 f   njsCommon.obj
 0001:000023a0       ?SetDPILobHandle@njsBaton@@QAEXPAUdpiLob@@@Z 100033a0 f   njsCommon.obj
 0001:000023e0       ?GetBoolFromJSON@njsBaton@@QAE_NV?$Local@VObject@v8@@@v8@@PBDHPA_N@Z 100033e0 f   njsCommon.obj
 0001:00002590       ?GetFunctionFromJSON@njsBaton@@QAE_NV?$Local@VObject@v8@@@v8@@PBDHPAV?$Local@VFunction@v8@@@3@@Z 10003590 f   njsCommon.obj
 0001:00002730       ?GetPositiveIntFromJSON@njsBaton@@QAE_NV?$Local@VObject@v8@@@v8@@PBDHPAI@Z 10003730 f   njsCommon.obj
 0001:00002800       ?GetUnsignedIntFromJSON@njsBaton@@QAE_NV?$Local@VObject@v8@@@v8@@PBDHPAI@Z 10003800 f   njsCommon.obj
 0001:00002a20       ?GetSodaDocument@njsBaton@@QAE_NV?$Local@VObject@v8@@@v8@@PAUdpiSodaDb@@@Z 10003a20 f   njsCommon.obj
 0001:00002ad0       ?GetNumOutBinds@njsBaton@@QAEIXZ 10003ad0 f   njsCommon.obj
 0001:00002c20       ?QueueWork@njsBaton@@QAEXPBDP6AXPAV1@@ZP6AX1QAV?$Local@VValue@v8@@@v8@@@ZI@Z 10003c20 f   njsCommon.obj
 0001:00002d30       ?CreateBaton@njsCommon@@IAEPAVnjsBaton@@ABV?$FunctionCallbackInfo@VValue@v8@@@Nan@@@Z 10003d30 f   njsCommon.obj
 0001:00002ef0       ?GetObjectArg@njsCommon@@IAE_NABV?$FunctionCallbackInfo@VValue@v8@@@Nan@@HAAV?$Local@VObject@v8@@@v8@@@Z 10003ef0 f   njsCommon.obj
 0001:00003030       ?GetStringArg@njsCommon@@IAE_NABV?$FunctionCallbackInfo@VValue@v8@@@Nan@@HAAV?$basic_string@DU?$char_traits@D@std@@V?$allocator@D@2@@std@@@Z 10004030 f   njsCommon.obj
 0001:00003220       ?GetUnsignedIntArg@njsCommon@@IAE_NABV?$FunctionCallbackInfo@VValue@v8@@@Nan@@HPAI@Z 10004220 f   njsCommon.obj
 0001:00003360       ?SetPropBool@njsCommon@@IAE_NV?$Local@VValue@v8@@@v8@@PA_NPBD@Z 10004360 f   njsCommon.obj
 0001:00003440       ?SetPropString@njsCommon@@IAE_NV?$Local@VValue@v8@@@v8@@PAV?$basic_string@DU?$char_traits@D@std@@V?$allocator@D@2@@std@@PBD@Z 10004440 f   njsCommon.obj
 0001:000035c0       ?SetPropUnsignedInt@njsCommon@@IAE_NV?$Local@VValue@v8@@@v8@@PAIPBD@Z 100045c0 f   njsCommon.obj
 0001:000036e0       ?Validate@njsCommon@@KA_NPAV1@_N@Z 100046e0 f   njsCommon.obj
 0001:00003800       ?ValidateArgs@njsCommon@@KAPAV1@ABV?$FunctionCallbackInfo@VValue@v8@@@Nan@@HH@Z 10004800 f   njsCommon.obj
 0001:00003920       ?PropertyIsReadOnly@njsCommon@@KAXPBD@Z 10004920 f   njsCommon.obj
 0001:000039c0       ??1?$vector@V?$basic_string@DU?$char_traits@D@std@@V?$allocator@D@2@@std@@V?$allocator@V?$basic_string@DU?$char_traits@D@std@@V?$allocator@D@2@@std@@@2@@std@@QAE@XZ 100049c0 f i njsCommon.obj
 0001:00003a40       ??1?$vector@PAUdpiSodaDoc@@V?$allocator@PAUdpiSodaDoc@@@std@@@std@@QAE@XZ 10004a40 f i njsCommon.obj
 0001:00003aa0       ??4?$basic_string@DU?$char_traits@D@std@@V?$allocator@D@2@@std@@QAEAAV01@$$QAV01@@Z 10004aa0 f i njsCommon.obj
 0001:00003b20       ??0?$basic_string@DU?$char_traits@D@std@@V?$allocator@D@2@@std@@QAE@QBDI@Z 10004b20 f i njsCommon.obj
 0001:00003b50       ??0?$basic_string@DU?$char_traits@D@std@@V?$allocator@D@2@@std@@QAE@ABV01@@Z 10004b50 f i njsCommon.obj
 0001:00003c10       ?assign@?$basic_string@DU?$char_traits@D@std@@V?$allocator@D@2@@std@@QAEAAV12@QBDI@Z 10004c10 f i njsCommon.obj
 0001:00003d30       ??$New@VString@v8@@V?$basic_string@DU?$char_traits@D@std@@V?$allocator@D@2@@std@@@Nan@@YA?AV?$MaybeLocal@VString@v8@@@v8@@V?$basic_string@DU?$char_traits@D@std@@V?$allocator@D@2@@std@@@Z 10004d30 f i njsCommon.obj
 0001:00003df0       ??$Reset@VObject@v8@@@?$Persistent@VObject@v8@@V?$NonCopyablePersistentTraits@VObject@v8@@@2@@Nan@@QAEXABV?$Local@VObject@v8@@@v8@@@Z 10004df0 f i njsCommon.obj
 0001:00003df0       ??$Reset@VObject@v8@@@?$Persistent@VObject@v8@@V?$NonCopyablePersistentTraits@VObject@v8@@@2@@Nan@@QAEXABV?$PersistentBase@VObject@v8@@@v8@@@Z 10004df0 f i njsPool.obj
 0001:00003e30       ??$Unwrap@VnjsResultSet@@@ObjectWrap@Nan@@SAPAVnjsResultSet@@V?$Local@VObject@v8@@@v8@@@Z 10004e30 f i njsResultSet.obj
 0001:00003e30       ??$Unwrap@VnjsSubscription@@@ObjectWrap@Nan@@SAPAVnjsSubscription@@V?$Local@VObject@v8@@@v8@@@Z 10004e30 f i njsOracle.obj
 0001:00003e30       ??$Unwrap@VnjsSodaDocument@@@ObjectWrap@Nan@@SAPAVnjsSodaDocument@@V?$Local@VObject@v8@@@v8@@@Z 10004e30 f i njsCommon.obj
 0001:00003e30       ??$Unwrap@VnjsCommon@@@ObjectWrap@Nan@@SAPAVnjsCommon@@V?$Local@VObject@v8@@@v8@@@Z 10004e30 f i njsCommon.obj
 0001:00003e30       ??$Unwrap@VnjsILob@@@ObjectWrap@Nan@@SAPAVnjsILob@@V?$Local@VObject@v8@@@v8@@@Z 10004e30 f i njsIntLob.obj
 0001:00003e30       ??$Unwrap@VnjsConnection@@@ObjectWrap@Nan@@SAPAVnjsConnection@@V?$Local@VObject@v8@@@v8@@@Z 10004e30 f i njsConnection.obj
 0001:00003eb0       ??$New@VNumber@v8@@H@Nan@@YA?AV?$Local@VNumber@v8@@@v8@@H@Z 10004eb0 f i njsCommon.obj
 0001:00003ef0       ??$New@VNumber@v8@@G@Nan@@YA?AV?$Local@VNumber@v8@@@v8@@G@Z 10004ef0 f i njsCommon.obj
 0001:00003f30       ??$_Destroy_range@V?$allocator@V?$basic_string@DU?$char_traits@D@std@@V?$allocator@D@2@@std@@@std@@@std@@YAXPAV?$basic_string@DU?$char_traits@D@std@@V?$allocator@D@2@@0@0AAV?$allocator@V?$basic_string@DU?$char_traits@D@std@@V?$allocator@D@2@@std@@@0@@Z 10004f30 f i njsCommon.obj
 0001:00003f90       ?_Xlen@?$basic_string@DU?$char_traits@D@std@@V?$allocator@D@2@@std@@SAXXZ 10004f90 f i njsCommon.obj
 0001:00003fa0       ___local_stdio_printf_options 10004fa0 f i njsOracle.obj
 0001:00003fb0       __vsnprintf_l              10004fb0 f i njsOracle.obj
 0001:00003ff0       _sprintf                   10004ff0 f i njsOracle.obj
 0001:000042b0       ?Get@Nan@@YA?AV?$MaybeLocal@VValue@v8@@@v8@@V?$Local@VObject@v8@@@3@I@Z 100052b0 f i njsOracle.obj
 0001:00004350       ?New@?$Factory@VFunctionTemplate@v8@@@imp@Nan@@SA?AV?$Local@VFunctionTemplate@v8@@@v8@@P6AXABV?$FunctionCallbackInfo@VValue@v8@@@3@@ZV?$Local@VValue@v8@@@5@V?$Local@VSignature@v8@@@5@@Z 10005350 f i njsOracle.obj
 0001:000044e0       ?SetPrototypeMethod@Nan@@YAXV?$Local@VFunctionTemplate@v8@@@v8@@PBDP6AXABV?$FunctionCallbackInfo@VValue@v8@@@1@@Z@Z 100054e0 f i njsOracle.obj
 0001:000045c0       ?SetAccessor@Nan@@YAXV?$Local@VObjectTemplate@v8@@@v8@@V?$Local@VString@v8@@@3@P6AX1ABV?$PropertyCallbackInfo@VValue@v8@@@1@@ZP6AX1V?$Local@VValue@v8@@@3@ABV?$PropertyCallbackInfo@X@1@@Z4W4AccessControl@3@W4PropertyAttribute@3@V?$Local@VAccessorSignature@v8@@@3@@Z 100055c0 f i njsOracle.obj
 0001:00004730       ??1ObjectWrap@Nan@@UAE@XZ  10005730 f i njsOracle.obj
 0001:000047e0       ?Wrap@ObjectWrap@Nan@@IAEXV?$Local@VObject@v8@@@v8@@@Z 100057e0 f i njsOracle.obj
 0001:00004890       ?Ref@ObjectWrap@Nan@@MAEXXZ 10005890 f i njsOracle.obj
 0001:000048c0       ?Unref@ObjectWrap@Nan@@MAEXXZ 100058c0 f i njsOracle.obj
 0001:00004950       ?WeakCallback@ObjectWrap@Nan@@CAXABV?$WeakCallbackInfo@VObjectWrap@Nan@@@v8@@@Z 10005950 f i njsOracle.obj
 0001:000049c0       ??_GObjectWrap@Nan@@UAEPAXI@Z 100059c0 f i njsOracle.obj
 0001:000049c0       ??_EObjectWrap@Nan@@UAEPAXI@Z 100059c0 f i * CIL library *:* CIL module *
 0001:000049e0       ?IsValid@njsOracledb@@UBE_NXZ 100059e0 f i njsOracle.obj
 0001:000049e0       ___acrt_uninitialize_command_line 100059e0 f i libucrt:argv_data.obj
 0001:000049e0       ?IsValid@njsSodaDatabase@@EBE_NXZ 100059e0 f i njsSodaDatabase.obj
 0001:000049e0       ?IsValid@njsSodaDocument@@EBE_NXZ 100059e0 f i njsSodaDocument.obj
 0001:000049e0       ?IsValid@njsSodaCollection@@EBE_NXZ 100059e0 f i njsSodaCollection.obj
 0001:000049e0       ?IsValid@njsSodaOperation@@EBE_NXZ 100059e0 f i njsSodaOperation.obj
 0001:000049e0       ?IsValid@njsSubscription@@UBE_NXZ 100059e0 f i njsSubscription.obj
 0001:000049f0       ?GetInvalidErrorType@njsSodaCollection@@EBE?AW4njsErrorType@@XZ 100059f0 f i njsSodaCollection.obj
 0001:000049f0       ?GetInvalidErrorType@njsSodaDocument@@EBE?AW4njsErrorType@@XZ 100059f0 f i njsSodaDocument.obj
 0001:000049f0       ?GetInvalidErrorType@njsSodaOperation@@EBE?AW4njsErrorType@@XZ 100059f0 f i njsSodaOperation.obj
 0001:000049f0       ?GetInvalidErrorType@njsOracledb@@UBE?AW4njsErrorType@@XZ 100059f0 f i njsOracle.obj
 0001:000049f0       ?GetInvalidErrorType@njsSodaDatabase@@EBE?AW4njsErrorType@@XZ 100059f0 f i njsSodaDatabase.obj
 0001:00004a00       ??_GnjsOracledb@@EAEPAXI@Z 10005a00 f i njsOracle.obj
 0001:00004a00       ??_EnjsOracledb@@EAEPAXI@Z 10005a00 f i * CIL library *:* CIL module *
 0001:00004b20       ??1njsCommon@@UAE@XZ       10005b20 f i njsOracle.obj
 0001:00004b30       ?Init@njsOracledb@@SAXV?$Local@VObject@v8@@@v8@@@Z 10005b30 f   njsOracle.obj
 0001:000054c0       ?New@njsOracledb@@CAXABV?$FunctionCallbackInfo@VValue@v8@@@Nan@@@Z 100064c0 f   njsOracle.obj
 0001:00005640       ?InitCommonCreateParams@njsOracledb@@CA_NPAVnjsBaton@@PAUdpiCommonCreateParams@@@Z 10006640 f   njsOracle.obj
 0001:000057c0       ?GetChunkSize@njsILob@@CAXV?$Local@VString@v8@@@v8@@ABV?$PropertyCallbackInfo@VValue@v8@@@Nan@@@Z 100067c0 f   njsIntLob.obj
 0001:000057c0       ?GetPoolMin@njsOracledb@@CAXV?$Local@VString@v8@@@v8@@ABV?$PropertyCallbackInfo@VValue@v8@@@Nan@@@Z 100067c0 f   njsOracle.obj
 0001:000057c0       ?GetPoolTimeout@njsPool@@CAXV?$Local@VString@v8@@@v8@@ABV?$PropertyCallbackInfo@VValue@v8@@@Nan@@@Z 100067c0 f   njsPool.obj
 0001:00005810       ?SetPoolMin@njsOracledb@@CAXV?$Local@VString@v8@@@v8@@V?$Local@VValue@v8@@@3@ABV?$PropertyCallbackInfo@X@Nan@@@Z 10006810 f   njsOracle.obj
 0001:00005850       ?GetPoolMax@njsOracledb@@CAXV?$Local@VString@v8@@@v8@@ABV?$PropertyCallbackInfo@VValue@v8@@@Nan@@@Z 10006850 f   njsOracle.obj
 0001:00005850       ?GetStmtCacheSize@njsPool@@CAXV?$Local@VString@v8@@@v8@@ABV?$PropertyCallbackInfo@VValue@v8@@@Nan@@@Z 10006850 f   njsPool.obj
 0001:000058a0       ?SetPoolMax@njsOracledb@@CAXV?$Local@VString@v8@@@v8@@V?$Local@VValue@v8@@@3@ABV?$PropertyCallbackInfo@X@Nan@@@Z 100068a0 f   njsOracle.obj
 0001:000058e0       ?GetPoolIncrement@njsOracledb@@CAXV?$Local@VString@v8@@@v8@@ABV?$PropertyCallbackInfo@VValue@v8@@@Nan@@@Z 100068e0 f   njsOracle.obj
 0001:00005930       ?SetPoolIncrement@njsOracledb@@CAXV?$Local@VString@v8@@@v8@@V?$Local@VValue@v8@@@3@ABV?$PropertyCallbackInfo@X@Nan@@@Z 10006930 f   njsOracle.obj
 0001:00005970       ?GetPoolPingInterval@njsOracledb@@CAXV?$Local@VString@v8@@@v8@@ABV?$PropertyCallbackInfo@VValue@v8@@@Nan@@@Z 10006970 f   njsOracle.obj
 0001:000059e0       ?SetPoolPingInterval@njsOracledb@@CAXV?$Local@VString@v8@@@v8@@V?$Local@VValue@v8@@@3@ABV?$PropertyCallbackInfo@X@Nan@@@Z 100069e0 f   njsOracle.obj
 0001:00005b20       ?GetOffset@njsILob@@CAXV?$Local@VString@v8@@@v8@@ABV?$PropertyCallbackInfo@VValue@v8@@@Nan@@@Z 10006b20 f   njsIntLob.obj
 0001:00005b20       ?GetPoolTimeout@njsOracledb@@CAXV?$Local@VString@v8@@@v8@@ABV?$PropertyCallbackInfo@VValue@v8@@@Nan@@@Z 10006b20 f   njsOracle.obj
 0001:00005b70       ?SetPoolTimeout@njsOracledb@@CAXV?$Local@VString@v8@@@v8@@V?$Local@VValue@v8@@@3@ABV?$PropertyCallbackInfo@X@Nan@@@Z 10006b70 f   njsOracle.obj
 0001:00005bb0       ?GetPoolMin@njsPool@@CAXV?$Local@VString@v8@@@v8@@ABV?$PropertyCallbackInfo@VValue@v8@@@Nan@@@Z 10006bb0 f   njsPool.obj
 0001:00005bb0       ?GetMaxRows@njsOracledb@@CAXV?$Local@VString@v8@@@v8@@ABV?$PropertyCallbackInfo@VValue@v8@@@Nan@@@Z 10006bb0 f   njsOracle.obj
 0001:00005c00       ?SetMaxRows@njsOracledb@@CAXV?$Local@VString@v8@@@v8@@V?$Local@VValue@v8@@@3@ABV?$PropertyCallbackInfo@X@Nan@@@Z 10006c00 f   njsOracle.obj
 0001:00005c40       ?GetOutFormat@njsOracledb@@CAXV?$Local@VString@v8@@@v8@@ABV?$PropertyCallbackInfo@VValue@v8@@@Nan@@@Z 10006c40 f   njsOracle.obj
 0001:00005c90       ?SetOutFormat@njsOracledb@@CAXV?$Local@VString@v8@@@v8@@V?$Local@VValue@v8@@@3@ABV?$PropertyCallbackInfo@X@Nan@@@Z 10006c90 f   njsOracle.obj
 0001:00005cd0       ?GetPoolMax@njsPool@@CAXV?$Local@VString@v8@@@v8@@ABV?$PropertyCallbackInfo@VValue@v8@@@Nan@@@Z 10006cd0 f   njsPool.obj
 0001:00005cd0       ?GetStmtCacheSize@njsOracledb@@CAXV?$Local@VString@v8@@@v8@@ABV?$PropertyCallbackInfo@VValue@v8@@@Nan@@@Z 10006cd0 f   njsOracle.obj
 0001:00005d20       ?SetStmtCacheSize@njsOracledb@@CAXV?$Local@VString@v8@@@v8@@V?$Local@VValue@v8@@@3@ABV?$PropertyCallbackInfo@X@Nan@@@Z 10006d20 f   njsOracle.obj
 0001:00005d60       ?GetPieceSize@njsILob@@CAXV?$Local@VString@v8@@@v8@@ABV?$PropertyCallbackInfo@VValue@v8@@@Nan@@@Z 10006d60 f   njsIntLob.obj
 0001:00005d60       ?GetFetchArraySize@njsOracledb@@CAXV?$Local@VString@v8@@@v8@@ABV?$PropertyCallbackInfo@VValue@v8@@@Nan@@@Z 10006d60 f   njsOracle.obj
 0001:00005d60       ?GetPoolIncrement@njsPool@@CAXV?$Local@VString@v8@@@v8@@ABV?$PropertyCallbackInfo@VValue@v8@@@Nan@@@Z 10006d60 f   njsPool.obj
 0001:00005db0       ?SetFetchArraySize@njsOracledb@@CAXV?$Local@VString@v8@@@v8@@V?$Local@VValue@v8@@@3@ABV?$PropertyCallbackInfo@X@Nan@@@Z 10006db0 f   njsOracle.obj
 0001:00005eb0       ?GetAutoCommit@njsOracledb@@CAXV?$Local@VString@v8@@@v8@@ABV?$PropertyCallbackInfo@VValue@v8@@@Nan@@@Z 10006eb0 f   njsOracle.obj
 0001:00005f00       ?SetAutoCommit@njsOracledb@@CAXV?$Local@VString@v8@@@v8@@V?$Local@VValue@v8@@@3@ABV?$PropertyCallbackInfo@X@Nan@@@Z 10006f00 f   njsOracle.obj
 0001:00005f40       ?GetExtendedMetaData@njsOracledb@@CAXV?$Local@VString@v8@@@v8@@ABV?$PropertyCallbackInfo@VValue@v8@@@Nan@@@Z 10006f40 f   njsOracle.obj
 0001:00005f90       ?SetExtendedMetaData@njsOracledb@@CAXV?$Local@VString@v8@@@v8@@V?$Local@VValue@v8@@@3@ABV?$PropertyCallbackInfo@X@Nan@@@Z 10006f90 f   njsOracle.obj
 0001:00005fd0       ?GetVersion@njsOracledb@@CAXV?$Local@VString@v8@@@v8@@ABV?$PropertyCallbackInfo@VValue@v8@@@Nan@@@Z 10006fd0 f   njsOracle.obj
 0001:00005fe0       ?SetVersion@njsOracledb@@CAXV?$Local@VString@v8@@@v8@@V?$Local@VValue@v8@@@3@ABV?$PropertyCallbackInfo@X@Nan@@@Z 10006fe0 f   njsOracle.obj
 0001:00005fe0       ?SetVersion@njsSodaDocument@@CAXV?$Local@VString@v8@@@v8@@V?$Local@VValue@v8@@@3@ABV?$PropertyCallbackInfo@X@Nan@@@Z 10006fe0 f   njsSodaDocument.obj
 0001:00005ff0       ?GetVersionString@njsOracledb@@CAXV?$Local@VString@v8@@@v8@@ABV?$PropertyCallbackInfo@VValue@v8@@@Nan@@@Z 10006ff0 f   njsOracle.obj
 0001:00006040       ?SetVersionString@njsOracledb@@CAXV?$Local@VString@v8@@@v8@@V?$Local@VValue@v8@@@3@ABV?$PropertyCallbackInfo@X@Nan@@@Z 10007040 f   njsOracle.obj
 0001:00006050       ?GetVersionSuffix@njsOracledb@@CAXV?$Local@VString@v8@@@v8@@ABV?$PropertyCallbackInfo@VValue@v8@@@Nan@@@Z 10007050 f   njsOracle.obj
 0001:00006080       ?SetVersionSuffix@njsOracledb@@CAXV?$Local@VString@v8@@@v8@@V?$Local@VValue@v8@@@3@ABV?$PropertyCallbackInfo@X@Nan@@@Z 10007080 f   njsOracle.obj
 0001:00006090       ?GetConnectionClass@njsOracledb@@CAXV?$Local@VString@v8@@@v8@@ABV?$PropertyCallbackInfo@VValue@v8@@@Nan@@@Z 10007090 f   njsOracle.obj
 0001:00006100       ?SetConnectionClass@njsOracledb@@CAXV?$Local@VString@v8@@@v8@@V?$Local@VValue@v8@@@3@ABV?$PropertyCallbackInfo@X@Nan@@@Z 10007100 f   njsOracle.obj
 0001:00006140       ?GetEdition@njsOracledb@@CAXV?$Local@VString@v8@@@v8@@ABV?$PropertyCallbackInfo@VValue@v8@@@Nan@@@Z 10007140 f   njsOracle.obj
 0001:000061b0       ?SetEdition@njsOracledb@@CAXV?$Local@VString@v8@@@v8@@V?$Local@VValue@v8@@@3@ABV?$PropertyCallbackInfo@X@Nan@@@Z 100071b0 f   njsOracle.obj
 0001:000061f0       ?GetExternalAuth@njsOracledb@@CAXV?$Local@VString@v8@@@v8@@ABV?$PropertyCallbackInfo@VValue@v8@@@Nan@@@Z 100071f0 f   njsOracle.obj
 0001:00006240       ?SetExternalAuth@njsOracledb@@CAXV?$Local@VString@v8@@@v8@@V?$Local@VValue@v8@@@3@ABV?$PropertyCallbackInfo@X@Nan@@@Z 10007240 f   njsOracle.obj
 0001:00006280       ?GetLobPrefetchSize@njsOracledb@@CAXV?$Local@VString@v8@@@v8@@ABV?$PropertyCallbackInfo@VValue@v8@@@Nan@@@Z 10007280 f   njsOracle.obj
 0001:000062d0       ?SetLobPrefetchSize@njsOracledb@@CAXV?$Local@VString@v8@@@v8@@V?$Local@VValue@v8@@@3@ABV?$PropertyCallbackInfo@X@Nan@@@Z 100072d0 f   njsOracle.obj
 0001:00006310       ?GetFetchAsString@njsOracledb@@CAXV?$Local@VString@v8@@@v8@@ABV?$PropertyCallbackInfo@VValue@v8@@@Nan@@@Z 10007310 f   njsOracle.obj
 0001:00006390       ?SetFetchAsString@njsOracledb@@CAXV?$Local@VString@v8@@@v8@@V?$Local@VValue@v8@@@3@ABV?$PropertyCallbackInfo@X@Nan@@@Z 10007390 f   njsOracle.obj
 0001:00006620       ?GetFetchAsBuffer@njsOracledb@@CAXV?$Local@VString@v8@@@v8@@ABV?$PropertyCallbackInfo@VValue@v8@@@Nan@@@Z 10007620 f   njsOracle.obj
 0001:000066a0       ?SetFetchAsBuffer@njsOracledb@@CAXV?$Local@VString@v8@@@v8@@V?$Local@VValue@v8@@@3@ABV?$PropertyCallbackInfo@X@Nan@@@Z 100076a0 f   njsOracle.obj
 0001:00006950       ?GetOracleClientVersion@njsOracledb@@CAXV?$Local@VString@v8@@@v8@@ABV?$PropertyCallbackInfo@VValue@v8@@@Nan@@@Z 10007950 f   njsOracle.obj
 0001:000069e0       ?SetOracleClientVersion@njsOracledb@@CAXV?$Local@VString@v8@@@v8@@V?$Local@VValue@v8@@@3@ABV?$PropertyCallbackInfo@X@Nan@@@Z 100079e0 f   njsOracle.obj
 0001:000069f0       ?GetOracleClientVersionString@njsOracledb@@CAXV?$Local@VString@v8@@@v8@@ABV?$PropertyCallbackInfo@VValue@v8@@@Nan@@@Z 100079f0 f   njsOracle.obj
 0001:00006af0       ?SetOracleClientVersionString@njsOracledb@@CAXV?$Local@VString@v8@@@v8@@V?$Local@VValue@v8@@@3@ABV?$PropertyCallbackInfo@X@Nan@@@Z 10007af0 f   njsOracle.obj
 0001:00006b00       ?GetEvents@njsOracledb@@CAXV?$Local@VString@v8@@@v8@@ABV?$PropertyCallbackInfo@VValue@v8@@@Nan@@@Z 10007b00 f   njsOracle.obj
 0001:00006b50       ?SetEvents@njsOracledb@@CAXV?$Local@VString@v8@@@v8@@V?$Local@VValue@v8@@@3@ABV?$PropertyCallbackInfo@X@Nan@@@Z 10007b50 f   njsOracle.obj
 0001:00006b90       ?GetConnection@njsOracledb@@CAXABV?$FunctionCallbackInfo@VValue@v8@@@Nan@@@Z 10007b90 f   njsOracle.obj
 0001:00006d60       ?Async_GetConnection@njsOracledb@@CAXPAVnjsBaton@@@Z 10007d60 f   njsOracle.obj
 0001:00006f60       ?Async_AfterGetConnection@njsPool@@CAXPAVnjsBaton@@QAV?$Local@VValue@v8@@@v8@@@Z 10007f60 f   njsPool.obj
 0001:00006f60       ?Async_AfterGetConnection@njsOracledb@@CAXPAVnjsBaton@@QAV?$Local@VValue@v8@@@v8@@@Z 10007f60 f   njsOracle.obj
 0001:00006f80       ?CreatePool@njsOracledb@@CAXABV?$FunctionCallbackInfo@VValue@v8@@@Nan@@@Z 10007f80 f   njsOracle.obj
 0001:000071b0       ?Async_CreatePool@njsOracledb@@CAXPAVnjsBaton@@@Z 100081b0 f   njsOracle.obj
 0001:00007430       ?Async_AfterCreatePool@njsOracledb@@CAXPAVnjsBaton@@QAV?$Local@VValue@v8@@@v8@@@Z 10008430 f   njsOracle.obj
 0001:00007450       ?ThrowDPIError@njsOracledb@@SAXXZ 10008450 f   njsOracle.obj
 0001:00007720       ?GetSubscription@njsOracledb@@SAPAVnjsSubscription@@AAV?$basic_string@DU?$char_traits@D@std@@V?$allocator@D@2@@std@@@Z 10008720 f   njsOracle.obj
 0001:00007cd0       ?Set@?$ReturnValue@VValue@v8@@@Nan@@QAEXI@Z 10008cd0 f i njsOracle.obj
 0001:00007d40       ??4?$basic_string@DU?$char_traits@D@std@@V?$allocator@D@2@@std@@QAEAAV01@ABV01@@Z 10008d40 f i njsOracle.obj
 0001:00007d70       ?IsValid@njsConnection@@UBE_NXZ 10008d70 f i njsConnection.obj
 0001:00007d70       ?IsValid@njsPool@@UBE_NXZ  10008d70 f i njsPool.obj
 0001:00007d70       ?IsValid@njsILob@@UBE_NXZ  10008d70 f i njsIntLob.obj
 0001:00007d70       ?IsValid@njsSodaDocCursor@@EBE_NXZ 10008d70 f i njsSodaDocCursor.obj
 0001:00007d80       ?GetInvalidErrorType@njsPool@@UBE?AW4njsErrorType@@XZ 10008d80 f i njsPool.obj
 0001:00007d90       ??_EnjsPool@@EAEPAXI@Z     10008d90 f i * CIL library *:* CIL module *
 0001:00007d90       ??_GnjsPool@@EAEPAXI@Z     10008d90 f i njsPool.obj
 0001:00007e30       ?Init@njsPool@@SAXV?$Local@VObject@v8@@@v8@@@Z 10008e30 f   njsPool.obj
 0001:00008230       ?CreateFromBaton@njsPool@@SA?AV?$Local@VObject@v8@@@v8@@PAVnjsBaton@@@Z 10009230 f   njsPool.obj
 0001:00008470       ?New@njsPool@@CAXABV?$FunctionCallbackInfo@VValue@v8@@@Nan@@@Z 10009470 f   njsPool.obj
 0001:00008500       ?GetConnectionsOpen@njsPool@@CAXV?$Local@VString@v8@@@v8@@ABV?$PropertyCallbackInfo@VValue@v8@@@Nan@@@Z 10009500 f   njsPool.obj
 0001:000085a0       ?GetConnectionsInUse@njsPool@@CAXV?$Local@VString@v8@@@v8@@ABV?$PropertyCallbackInfo@VValue@v8@@@Nan@@@Z 100095a0 f   njsPool.obj
 0001:00008640       ?GetPoolPingInterval@njsPool@@CAXV?$Local@VString@v8@@@v8@@ABV?$PropertyCallbackInfo@VValue@v8@@@Nan@@@Z 10009640 f   njsPool.obj
 0001:000086b0       ?SetPoolMin@njsPool@@CAXV?$Local@VString@v8@@@v8@@V?$Local@VValue@v8@@@3@ABV?$PropertyCallbackInfo@X@Nan@@@Z 100096b0 f   njsPool.obj
 0001:000086c0       ?SetPoolMax@njsPool@@CAXV?$Local@VString@v8@@@v8@@V?$Local@VValue@v8@@@3@ABV?$PropertyCallbackInfo@X@Nan@@@Z 100096c0 f   njsPool.obj
 0001:000086d0       ?SetPoolIncrement@njsPool@@CAXV?$Local@VString@v8@@@v8@@V?$Local@VValue@v8@@@3@ABV?$PropertyCallbackInfo@X@Nan@@@Z 100096d0 f   njsPool.obj
 0001:000086e0       ?SetPoolTimeout@njsPool@@CAXV?$Local@VString@v8@@@v8@@V?$Local@VValue@v8@@@3@ABV?$PropertyCallbackInfo@X@Nan@@@Z 100096e0 f   njsPool.obj
 0001:000086f0       ?SetConnectionsOpen@njsPool@@CAXV?$Local@VString@v8@@@v8@@V?$Local@VValue@v8@@@3@ABV?$PropertyCallbackInfo@X@Nan@@@Z 100096f0 f   njsPool.obj
 0001:00008700       ?SetConnectionsInUse@njsPool@@CAXV?$Local@VString@v8@@@v8@@V?$Local@VValue@v8@@@3@ABV?$PropertyCallbackInfo@X@Nan@@@Z 10009700 f   njsPool.obj
 0001:00008710       ?SetPoolPingInterval@njsPool@@CAXV?$Local@VString@v8@@@v8@@V?$Local@VValue@v8@@@3@ABV?$PropertyCallbackInfo@X@Nan@@@Z 10009710 f   njsPool.obj
 0001:00008720       ?SetStmtCacheSize@njsPool@@CAXV?$Local@VString@v8@@@v8@@V?$Local@VValue@v8@@@3@ABV?$PropertyCallbackInfo@X@Nan@@@Z 10009720 f   njsPool.obj
 0001:00008720       ?SetStmtCacheSize@njsConnection@@CAXV?$Local@VString@v8@@@v8@@V?$Local@VValue@v8@@@3@ABV?$PropertyCallbackInfo@X@Nan@@@Z 10009720 f   njsConnection.obj
 0001:00008730       ?GetConnection@njsPool@@CAXABV?$FunctionCallbackInfo@VValue@v8@@@Nan@@@Z 10009730 f   njsPool.obj
 0001:00008850       ?Async_GetConnection@njsPool@@CAXPAVnjsBaton@@@Z 10009850 f   njsPool.obj
 0001:00008a20       ?Close@njsPool@@CAXABV?$FunctionCallbackInfo@VValue@v8@@@Nan@@@Z 10009a20 f   njsPool.obj
 0001:00008ab0       ?Async_Close@njsPool@@CAXPAVnjsBaton@@@Z 10009ab0 f   njsPool.obj
 0001:00008ba0       ?DefineOwnProperty@Nan@@YA?AV?$Maybe@_N@v8@@V?$Local@VObject@v8@@@3@V?$Local@VString@v8@@@3@V?$Local@VValue@v8@@@3@W4PropertyAttribute@3@@Z 10009ba0 f i njsConnection.obj
 0001:00008c30       ?CopyBuffer@Nan@@YA?AV?$MaybeLocal@VObject@v8@@@v8@@PBDI@Z 10009c30 f i njsConnection.obj
 0001:00008c80       ??0njsVariableBuffer@@QAE@XZ 10009c80 f i njsConnection.obj
 0001:00008ca0       ??0njsVariable@@QAE@XZ     10009ca0 f i njsConnection.obj
 0001:00008d20       ??0njsFetchInfo@@QAE@XZ    10009d20 f i njsConnection.obj
 0001:00008d40       ?GetInvalidErrorType@njsConnection@@UBE?AW4njsErrorType@@XZ 10009d40 f i njsConnection.obj
 0001:00008d50       ??_EnjsConnection@@EAEPAXI@Z 10009d50 f i * CIL library *:* CIL module *
 0001:00008d50       ??_GnjsConnection@@EAEPAXI@Z 10009d50 f i njsConnection.obj
 0001:00008df0       ??0njsProtoILob@@QAE@XZ    10009df0 f i njsConnection.obj
 0001:00008e30       ?Init@njsConnection@@SAXV?$Local@VObject@v8@@@v8@@@Z 10009e30 f   njsConnection.obj
 0001:000092b0       ?CreateFromBaton@njsConnection@@SA?AV?$Local@VObject@v8@@@v8@@PAVnjsBaton@@@Z 1000a2b0 f   njsConnection.obj
 0001:00009440       ?ProcessQueryVars@njsConnection@@SA_NPAVnjsBaton@@PAUdpiStmt@@PAVnjsVariable@@I@Z 1000a440 f   njsConnection.obj
 0001:00009950       ?ProcessVars@njsConnection@@SA_NPAVnjsBaton@@PAVnjsVariable@@II@Z 1000a950 f   njsConnection.obj
 0001:00009d70       ?ProcessVarBuffer@njsConnection@@CA_NPAVnjsBaton@@PAVnjsVariable@@PAVnjsVariableBuffer@@@Z 1000ad70 f   njsConnection.obj
 0001:0000a060       ?MapByName@njsConnection@@CA_NPAVnjsBaton@@PAUdpiQueryInfo@@AAI@Z 1000b060 f   njsConnection.obj
 0001:0000a260       ?PrepareAndBind@njsConnection@@CA_NPAVnjsBaton@@@Z 1000b260 f   njsConnection.obj
 0001:0000a3f0       ?GetMetaData@njsConnection@@SA?AV?$Local@VValue@v8@@@v8@@PAVnjsVariable@@I_N@Z 1000b3f0 f   njsConnection.obj
 0001:0000aba0       ?CreateVarBuffer@njsConnection@@CA_NPAVnjsVariable@@PAVnjsBaton@@@Z 1000bba0 f   njsConnection.obj
 0001:0000ae80       ?ProcessExecuteBinds@njsConnection@@SA_NV?$Local@VObject@v8@@@v8@@PAVnjsBaton@@@Z 1000be80 f   njsConnection.obj
 0001:0000af80       ?ScanExecuteBinds@njsConnection@@CA_NV?$Local@VObject@v8@@@v8@@V?$Local@VArray@v8@@@3@PAVnjsBaton@@@Z 1000bf80 f   njsConnection.obj
 0001:0000b380       ?ScanExecuteBindUnit@njsConnection@@CA_NV?$Local@VObject@v8@@@v8@@PAVnjsVariable@@_NPAVnjsBaton@@@Z 1000c380 f   njsConnection.obj
 0001:0000bae0       ?ProcessExecuteManyBinds@njsConnection@@CA_NV?$Local@VArray@v8@@@v8@@V?$Local@VObject@v8@@@3@PAVnjsBaton@@@Z 1000cae0 f   njsConnection.obj
 0001:0000bdc0       ?ScanExecuteManyBinds@njsConnection@@CA_NV?$Local@VArray@v8@@@v8@@0PAVnjsBaton@@@Z 1000cdc0 f   njsConnection.obj
 0001:0000c130       ?TransferExecuteManyBinds@njsConnection@@CA_NV?$Local@VArray@v8@@@v8@@0PAVnjsBaton@@@Z 1000d130 f   njsConnection.obj
 0001:0000c430       ?InitBindVars@njsConnection@@CA_NV?$Local@VObject@v8@@@v8@@V?$Local@VArray@v8@@@3@PAVnjsBaton@@@Z 1000d430 f   njsConnection.obj
 0001:0000c820       ?ProcessBindValue@njsConnection@@CA_NV?$Local@VValue@v8@@@v8@@PAVnjsVariable@@PAVnjsBaton@@@Z 1000d820 f   njsConnection.obj
 0001:0000cb30       ?ProcessScalarBindValue@njsConnection@@CA_NV?$Local@VValue@v8@@@v8@@PAVnjsVariable@@I_NPAVnjsBaton@@@Z 1000db30 f   njsConnection.obj
 0001:0000d4d0       ?GetBindTypeAndSizeFromValue@njsConnection@@CA_NPAVnjsVariable@@V?$Local@VValue@v8@@@v8@@PAW4njsDataType@@PAIPAVnjsBaton@@_N@Z 1000e4d0 f   njsConnection.obj
 0001:0000d850       ?ProcessExecuteOptions@njsConnection@@CA_NV?$Local@VObject@v8@@@v8@@PAVnjsBaton@@@Z 1000e850 f   njsConnection.obj
 0001:0000dd40       ?ProcessExecuteManyOptions@njsConnection@@CA_NV?$Local@VObject@v8@@@v8@@PAVnjsBaton@@@Z 1000ed40 f   njsConnection.obj
 0001:0000ddb0       ?ProcessSubscriptionOptions@njsConnection@@CA_NV?$Local@VObject@v8@@@v8@@PAVnjsBaton@@@Z 1000edb0 f   njsConnection.obj
 0001:0000e110       ?GetScalarValueFromVar@njsConnection@@SA_NPAVnjsBaton@@PAVnjsVariable@@PAVnjsVariableBuffer@@IAAV?$Local@VValue@v8@@@v8@@@Z 1000f110 f   njsConnection.obj
 0001:0000e450       ?GetOutBinds@njsConnection@@CA_NAAV?$Local@VValue@v8@@@v8@@IIPAVnjsBaton@@@Z 1000f450 f   njsConnection.obj
 0001:0000e780       ?SetTextAttribute@njsConnection@@CAXABV?$PropertyCallbackInfo@X@Nan@@PBDV?$Local@VValue@v8@@@v8@@P6AHPAUdpiConn@@1I@Z@Z 1000f780 f   njsConnection.obj
 0001:0000e8d0       ?New@njsConnection@@CAXABV?$FunctionCallbackInfo@VValue@v8@@@Nan@@@Z 1000f8d0 f   njsConnection.obj
 0001:0000e930       ?Execute@njsConnection@@CAXABV?$FunctionCallbackInfo@VValue@v8@@@Nan@@@Z 1000f930 f   njsConnection.obj
 0001:0000ede0       ?Async_Execute@njsConnection@@CAXPAVnjsBaton@@@Z 1000fde0 f   njsConnection.obj
 0001:0000ef50       ?Async_AfterExecute@njsConnection@@CAXPAVnjsBaton@@QAV?$Local@VValue@v8@@@v8@@@Z 1000ff50 f   njsConnection.obj
 0001:0000f230       ?ExecuteMany@njsConnection@@CAXABV?$FunctionCallbackInfo@VValue@v8@@@Nan@@@Z 10010230 f   njsConnection.obj
 0001:0000f4b0       ?Async_ExecuteMany@njsConnection@@CAXPAVnjsBaton@@@Z 100104b0 f   njsConnection.obj
 0001:0000f6d0       ?Async_AfterExecuteMany@njsConnection@@CAXPAVnjsBaton@@QAV?$Local@VValue@v8@@@v8@@@Z 100106d0 f   njsConnection.obj
 0001:0000fdf0       ?GetStatementInfo@njsConnection@@CAXABV?$FunctionCallbackInfo@VValue@v8@@@Nan@@@Z 10010df0 f   njsConnection.obj
 0001:0000ff20       ?Async_GetStatementInfo@njsConnection@@CAXPAVnjsBaton@@@Z 10010f20 f   njsConnection.obj
 0001:00010070       ?Async_AfterGetStatementInfo@njsConnection@@CAXPAVnjsBaton@@QAV?$Local@VValue@v8@@@v8@@@Z 10011070 f   njsConnection.obj
 0001:00010510       ?Close@njsConnection@@CAXABV?$FunctionCallbackInfo@VValue@v8@@@Nan@@@Z 10011510 f   njsConnection.obj
 0001:00010570       ?Async_Close@njsConnection@@CAXPAVnjsBaton@@@Z 10011570 f   njsConnection.obj
 0001:000105b0       ?Commit@njsConnection@@CAXABV?$FunctionCallbackInfo@VValue@v8@@@Nan@@@Z 100115b0 f   njsConnection.obj
 0001:00010630       ?Async_Commit@njsConnection@@CAXPAVnjsBaton@@@Z 10011630 f   njsConnection.obj
 0001:00010790       ?Rollback@njsConnection@@CAXABV?$FunctionCallbackInfo@VValue@v8@@@Nan@@@Z 10011790 f   njsConnection.obj
 0001:00010810       ?Async_Rollback@njsConnection@@CAXPAVnjsBaton@@@Z 10011810 f   njsConnection.obj
 0001:000108f0       ?Break@njsConnection@@CAXABV?$FunctionCallbackInfo@VValue@v8@@@Nan@@@Z 100118f0 f   njsConnection.obj
 0001:00010970       ?Async_Break@njsConnection@@CAXPAVnjsBaton@@@Z 10011970 f   njsConnection.obj
 0001:00010ab0       ?CreateLob@njsConnection@@CAXABV?$FunctionCallbackInfo@VValue@v8@@@Nan@@@Z 10011ab0 f   njsConnection.obj
 0001:00010c00       ?Async_CreateLob@njsConnection@@CAXPAVnjsBaton@@@Z 10011c00 f   njsConnection.obj
 0001:00010d40       ?Async_AfterCreateLob@njsConnection@@CAXPAVnjsBaton@@QAV?$Local@VValue@v8@@@v8@@@Z 10011d40 f   njsConnection.obj
 0001:00010e80       ?ChangePassword@njsConnection@@CAXABV?$FunctionCallbackInfo@VValue@v8@@@Nan@@@Z 10011e80 f   njsConnection.obj
 0001:00011060       ?Async_ChangePassword@njsConnection@@CAXPAVnjsBaton@@@Z 10012060 f   njsConnection.obj
 0001:000111f0       ?Ping@njsConnection@@CAXABV?$FunctionCallbackInfo@VValue@v8@@@Nan@@@Z 100121f0 f   njsConnection.obj
 0001:00011270       ?Async_Ping@njsConnection@@CAXPAVnjsBaton@@@Z 10012270 f   njsConnection.obj
 0001:00011340       ?Subscribe@njsConnection@@CAXABV?$FunctionCallbackInfo@VValue@v8@@@Nan@@@Z 10012340 f   njsConnection.obj
 0001:00011600       ?Async_Subscribe@njsConnection@@CAXPAVnjsBaton@@@Z 10012600 f   njsConnection.obj
 0001:000118d0       ?Async_AfterSubscribe@njsConnection@@CAXPAVnjsBaton@@QAV?$Local@VValue@v8@@@v8@@@Z 100128d0 f   njsConnection.obj
 0001:00011a60       ?Unsubscribe@njsConnection@@CAXABV?$FunctionCallbackInfo@VValue@v8@@@Nan@@@Z 10012a60 f   njsConnection.obj
 0001:00011c10       ?Async_Unsubscribe@njsConnection@@CAXPAVnjsBaton@@@Z 10012c10 f   njsConnection.obj
 0001:00011d90       ?GetSodaDatabase@njsConnection@@CAXABV?$FunctionCallbackInfo@VValue@v8@@@Nan@@@Z 10012d90 f   njsConnection.obj
 0001:00011e20       ?GetStmtCacheSize@njsConnection@@CAXV?$Local@VString@v8@@@v8@@ABV?$PropertyCallbackInfo@VValue@v8@@@Nan@@@Z 10012e20 f   njsConnection.obj
 0001:00011f80       ?GetAction@njsConnection@@CAXV?$Local@VString@v8@@@v8@@ABV?$PropertyCallbackInfo@VValue@v8@@@Nan@@@Z 10012f80 f   njsConnection.obj
 0001:00011f80       ?GetModule@njsConnection@@CAXV?$Local@VString@v8@@@v8@@ABV?$PropertyCallbackInfo@VValue@v8@@@Nan@@@Z 10012f80 f   njsConnection.obj
 0001:00011f80       ?GetClientId@njsConnection@@CAXV?$Local@VString@v8@@@v8@@ABV?$PropertyCallbackInfo@VValue@v8@@@Nan@@@Z 10012f80 f   njsConnection.obj
 0001:00011fa0       ?SetClientId@njsConnection@@CAXV?$Local@VString@v8@@@v8@@V?$Local@VValue@v8@@@3@ABV?$PropertyCallbackInfo@X@Nan@@@Z 10012fa0 f   njsConnection.obj
 0001:00011fc0       ?SetModule@njsConnection@@CAXV?$Local@VString@v8@@@v8@@V?$Local@VValue@v8@@@3@ABV?$PropertyCallbackInfo@X@Nan@@@Z 10012fc0 f   njsConnection.obj
 0001:00011fe0       ?SetAction@njsConnection@@CAXV?$Local@VString@v8@@@v8@@V?$Local@VValue@v8@@@3@ABV?$PropertyCallbackInfo@X@Nan@@@Z 10012fe0 f   njsConnection.obj
 0001:00012000       ?GetOracleServerVersion@njsConnection@@CAXV?$Local@VString@v8@@@v8@@ABV?$PropertyCallbackInfo@VValue@v8@@@Nan@@@Z 10013000 f   njsConnection.obj
 0001:000120d0       ?SetOracleServerVersion@njsConnection@@CAXV?$Local@VString@v8@@@v8@@V?$Local@VValue@v8@@@3@ABV?$PropertyCallbackInfo@X@Nan@@@Z 100130d0 f   njsConnection.obj
 0001:000120e0       ?GetOracleServerVersionString@njsConnection@@CAXV?$Local@VString@v8@@@v8@@ABV?$PropertyCallbackInfo@VValue@v8@@@Nan@@@Z 100130e0 f   njsConnection.obj
 0001:00012220       ?SetOracleServerVersionString@njsConnection@@CAXV?$Local@VString@v8@@@v8@@V?$Local@VValue@v8@@@3@ABV?$PropertyCallbackInfo@X@Nan@@@Z 10013220 f   njsConnection.obj
 0001:00012230       ?GetCallTimeout@njsConnection@@CAXV?$Local@VString@v8@@@v8@@ABV?$PropertyCallbackInfo@VValue@v8@@@Nan@@@Z 10013230 f   njsConnection.obj
 0001:000123f0       ?SetCallTimeout@njsConnection@@CAXV?$Local@VString@v8@@@v8@@V?$Local@VValue@v8@@@3@ABV?$PropertyCallbackInfo@X@Nan@@@Z 100133f0 f   njsConnection.obj
 0001:00012650       ??$New@VDate@v8@@N@Nan@@YA?AV?$MaybeLocal@VDate@v8@@@v8@@N@Z 10013650 f i njsConnection.obj
 0001:000126f0       ??$_Reallocate_grow_by@V<lambda_ab246b20b9526e2ef7792587e4298a77>@@PBDI@?$basic_string@DU?$char_traits@D@std@@V?$allocator@D@2@@std@@QAEAAV01@IV<lambda_ab246b20b9526e2ef7792587e4298a77>@@PBDI@Z 100136f0 f i njsConnection.obj
 0001:00012840       ?reserve@?$basic_string@DU?$char_traits@D@std@@V?$allocator@D@2@@std@@QAEXI@Z 10013840 f i njsConnection.obj
 0001:000129c0       ?GetInvalidErrorType@njsResultSet@@UBE?AW4njsErrorType@@XZ 100139c0 f i njsResultSet.obj
 0001:000129d0       ??_EnjsResultSet@@EAEPAXI@Z 100139d0 f i * CIL library *:* CIL module *
 0001:000129d0       ??_GnjsResultSet@@EAEPAXI@Z 100139d0 f i njsResultSet.obj
 0001:00012ac0       ?Init@njsResultSet@@SAXV?$Local@VObject@v8@@@v8@@@Z 10013ac0 f   njsResultSet.obj
 0001:00012ca0       ?CreateFromBaton@njsResultSet@@SA?AV?$Local@VObject@v8@@@v8@@PAVnjsBaton@@@Z 10013ca0 f   njsResultSet.obj
 0001:00012ed0       ?CreateFromRefCursor@njsResultSet@@SA_NPAVnjsBaton@@PAUdpiStmt@@PAVnjsVariable@@IAAV?$Local@VValue@v8@@@v8@@@Z 10013ed0 f   njsResultSet.obj
 0001:000130f0       ?IsValid@njsResultSet@@UBE_NXZ 100140f0 f   njsResultSet.obj
 0001:000131a0       ?New@njsResultSet@@CAXABV?$FunctionCallbackInfo@VValue@v8@@@Nan@@@Z 100141a0 f   njsResultSet.obj
 0001:00013230       ?GetMetaData@njsResultSet@@CAXV?$Local@VString@v8@@@v8@@ABV?$PropertyCallbackInfo@VValue@v8@@@Nan@@@Z 10014230 f   njsResultSet.obj
 0001:000132c0       ?SetMetaData@njsResultSet@@CAXV?$Local@VString@v8@@@v8@@V?$Local@VValue@v8@@@3@ABV?$PropertyCallbackInfo@X@Nan@@@Z 100142c0 f   njsResultSet.obj
 0001:000132c0       ?SetCollectionMetaData@njsSodaCollection@@CAXV?$Local@VString@v8@@@v8@@V?$Local@VValue@v8@@@3@ABV?$PropertyCallbackInfo@X@Nan@@@Z 100142c0 f   njsSodaCollection.obj
 0001:000132d0       ?GetRows@njsResultSet@@CAXABV?$FunctionCallbackInfo@VValue@v8@@@Nan@@@Z 100142d0 f   njsResultSet.obj
 0001:00013470       ?GetRowsHelper@njsResultSet@@AAE_NPAVnjsBaton@@PAH@Z 10014470 f   njsResultSet.obj
 0001:000136e0       ?Async_GetRows@njsResultSet@@CAXPAVnjsBaton@@@Z 100146e0 f   njsResultSet.obj
 0001:00013730       ?Async_AfterGetRows@njsResultSet@@CAXPAVnjsBaton@@QAV?$Local@VValue@v8@@@v8@@@Z 10014730 f   njsResultSet.obj
 0001:00013a40       ?Close@njsResultSet@@CAXABV?$FunctionCallbackInfo@VValue@v8@@@Nan@@@Z 10014a40 f   njsResultSet.obj
 0001:00013b20       ?Async_Close@njsResultSet@@CAXPAVnjsBaton@@@Z 10014b20 f   njsResultSet.obj
 0001:00013c00       ?Async_AfterClose@njsResultSet@@CAXPAVnjsBaton@@QAV?$Local@VValue@v8@@@v8@@@Z 10014c00 f   njsResultSet.obj
 0001:00013c60       ?GetInvalidErrorType@njsSubscription@@UBE?AW4njsErrorType@@XZ 10014c60 f i njsSubscription.obj
 0001:00013c70       ??_EnjsSubscription@@EAEPAXI@Z 10014c70 f i * CIL library *:* CIL module *
 0001:00013c70       ??_GnjsSubscription@@EAEPAXI@Z 10014c70 f i njsSubscription.obj
 0001:00013d40       ?ProcessNotification@njsSubscription@@CAXPAUuv_async_s@@@Z 10014d40 f   njsSubscription.obj
 0001:00013ed0       ?CreateMessage@njsSubscription@@AAE?AV?$Local@VObject@v8@@@v8@@PAUdpiSubscrMessage@@@Z 10014ed0 f   njsSubscription.obj
 0001:000146c0       ?CreateMessageRow@njsSubscription@@AAE?AV?$Local@VObject@v8@@@v8@@PAUdpiSubscrMessageRow@@@Z 100156c0 f   njsSubscription.obj
 0001:000148b0       ?CreateMessageTable@njsSubscription@@AAE?AV?$Local@VObject@v8@@@v8@@PAUdpiSubscrMessageTable@@@Z 100158b0 f   njsSubscription.obj
 0001:00014bb0       ?OnStopNotifications@njsSubscription@@CAXPAUuv_handle_s@@@Z 10015bb0 f   njsSubscription.obj
 0001:00014d00       ?EventHandler@njsSubscription@@SAXPAV1@PAUdpiSubscrMessage@@@Z 10015d00 f   njsSubscription.obj
 0001:00014d70       ?New@njsSubscription@@CAXABV?$FunctionCallbackInfo@VValue@v8@@@Nan@@@Z 10015d70 f   njsSubscription.obj
 0001:00014e00       _vsnprintf                 10015e00 f i njsMessages.obj
 0001:00014e40       ?Get@njsMessages@@SA?AV?$basic_string@DU?$char_traits@D@std@@V?$allocator@D@2@@std@@HZZ 10015e40 f   njsMessages.obj
 0001:00014f20       ?GetInvalidErrorType@njsILob@@UBE?AW4njsErrorType@@XZ 10015f20 f i njsIntLob.obj
 0001:00014f30       ??_EnjsILob@@EAEPAXI@Z     10015f30 f i * CIL library *:* CIL module *
 0001:00014f30       ??_GnjsILob@@EAEPAXI@Z     10015f30 f i njsIntLob.obj
 0001:00014fd0       ?Init@njsILob@@SAXV?$Local@VObject@v8@@@v8@@@Z 10015fd0 f   njsIntLob.obj
 0001:000153a0       ?CreateFromProtoLob@njsILob@@SA?AV?$Local@VObject@v8@@@v8@@PAVnjsProtoILob@@@Z 100163a0 f   njsIntLob.obj
 0001:00015530       ?GetInstance@njsILob@@SAPAV1@V?$Local@VValue@v8@@@v8@@@Z 10016530 f   njsIntLob.obj
 0001:00015680       ?ClearDPILobHandle@njsILob@@QAE_NPAVnjsBaton@@@Z 10016680 f   njsIntLob.obj
 0001:000156d0       ?New@njsILob@@CAXABV?$FunctionCallbackInfo@VValue@v8@@@Nan@@@Z 100166d0 f   njsIntLob.obj
 0001:00015760       ?SetChunkSize@njsILob@@CAXV?$Local@VString@v8@@@v8@@V?$Local@VValue@v8@@@3@ABV?$PropertyCallbackInfo@X@Nan@@@Z 10016760 f   njsIntLob.obj
 0001:00015770       ?GetLength@njsILob@@CAXV?$Local@VString@v8@@@v8@@ABV?$PropertyCallbackInfo@VValue@v8@@@Nan@@@Z 10016770 f   njsIntLob.obj
 0001:000157f0       ?SetLength@njsILob@@CAXV?$Local@VString@v8@@@v8@@V?$Local@VValue@v8@@@3@ABV?$PropertyCallbackInfo@X@Nan@@@Z 100167f0 f   njsIntLob.obj
 0001:00015800       ?SetPieceSize@njsILob@@CAXV?$Local@VString@v8@@@v8@@V?$Local@VValue@v8@@@3@ABV?$PropertyCallbackInfo@X@Nan@@@Z 10016800 f   njsIntLob.obj
 0001:00015860       ?SetOffset@njsILob@@CAXV?$Local@VString@v8@@@v8@@V?$Local@VValue@v8@@@3@ABV?$PropertyCallbackInfo@X@Nan@@@Z 10016860 f   njsIntLob.obj
 0001:000158b0       ?GetType@njsILob@@CAXV?$Local@VString@v8@@@v8@@ABV?$PropertyCallbackInfo@VValue@v8@@@Nan@@@Z 100168b0 f   njsIntLob.obj
 0001:00015920       ?SetType@njsILob@@CAXV?$Local@VString@v8@@@v8@@V?$Local@VValue@v8@@@3@ABV?$PropertyCallbackInfo@X@Nan@@@Z 10016920 f   njsIntLob.obj
 0001:00015930       ?GetIsAutoClose@njsILob@@CAXV?$Local@VString@v8@@@v8@@ABV?$PropertyCallbackInfo@VValue@v8@@@Nan@@@Z 10016930 f   njsIntLob.obj
 0001:00015980       ?SetIsAutoClose@njsILob@@CAXV?$Local@VString@v8@@@v8@@V?$Local@VValue@v8@@@3@ABV?$PropertyCallbackInfo@X@Nan@@@Z 10016980 f   njsIntLob.obj
 0001:00015990       ?GetIsValid@njsILob@@CAXV?$Local@VString@v8@@@v8@@ABV?$PropertyCallbackInfo@VValue@v8@@@Nan@@@Z 10016990 f   njsIntLob.obj
 0001:00015a70       ?SetIsValid@njsILob@@CAXV?$Local@VString@v8@@@v8@@V?$Local@VValue@v8@@@3@ABV?$PropertyCallbackInfo@X@Nan@@@Z 10016a70 f   njsIntLob.obj
 0001:00015a80       ?Read@njsILob@@CAXABV?$FunctionCallbackInfo@VValue@v8@@@Nan@@@Z 10016a80 f   njsIntLob.obj
 0001:00015d00       ?Async_Read@njsILob@@CAXPAVnjsBaton@@@Z 10016d00 f   njsIntLob.obj
 0001:00015eb0       ?Close@njsILob@@CAXABV?$FunctionCallbackInfo@VValue@v8@@@Nan@@@Z 10016eb0 f   njsIntLob.obj
 0001:00015f80       ?Async_Close@njsILob@@CAXPAVnjsBaton@@@Z 10016f80 f   njsIntLob.obj
 0001:00015fc0       ?Async_AfterRead@njsILob@@CAXPAVnjsBaton@@QAV?$Local@VValue@v8@@@v8@@@Z 10016fc0 f   njsIntLob.obj
 0001:00016110       ?Write@njsILob@@CAXABV?$FunctionCallbackInfo@VValue@v8@@@Nan@@@Z 10017110 f   njsIntLob.obj
 0001:000162b0       ?Async_Write@njsILob@@CAXPAVnjsBaton@@@Z 100172b0 f   njsIntLob.obj
 0001:00016410       ?Async_AfterWrite@njsILob@@CAXPAVnjsBaton@@QAV?$Local@VValue@v8@@@v8@@@Z 10017410 f   njsIntLob.obj
 0001:00016430       ?PopulateFromDPI@njsProtoILob@@QAE_NPAVnjsBaton@@PAUdpiLob@@_N@Z 10017430 f   njsIntLob.obj
 0001:00016630       ??_EnjsSodaDatabase@@EAEPAXI@Z 10017630 f i * CIL library *:* CIL module *
 0001:00016630       ??_GnjsSodaDatabase@@EAEPAXI@Z 10017630 f i njsSodaDatabase.obj
 0001:000166d0       ?New@njsSodaDatabase@@CAXABV?$FunctionCallbackInfo@VValue@v8@@@Nan@@@Z 100176d0 f   njsSodaDatabase.obj
 0001:00016730       ?CreateFromHandle@njsSodaDatabase@@SA?AV?$Local@VObject@v8@@@v8@@V23@PAUdpiSodaDb@@@Z 10017730 f   njsSodaDatabase.obj
 0001:00016910       ?CreateCollection@njsSodaDatabase@@CAXABV?$FunctionCallbackInfo@VValue@v8@@@Nan@@@Z 10017910 f   njsSodaDatabase.obj
 0001:00016a50       ?Async_CreateCollection@njsSodaDatabase@@CAXPAVnjsBaton@@@Z 10017a50 f   njsSodaDatabase.obj
 0001:00016ad0       ?Async_AfterCreateCollection@njsSodaDatabase@@CAXPAVnjsBaton@@QAV?$Local@VValue@v8@@@v8@@@Z 10017ad0 f   njsSodaDatabase.obj
 0001:00016af0       ?OpenCollection@njsSodaDatabase@@CAXABV?$FunctionCallbackInfo@VValue@v8@@@Nan@@@Z 10017af0 f   njsSodaDatabase.obj
 0001:00016be0       ?Async_OpenCollection@njsSodaDatabase@@CAXPAVnjsBaton@@@Z 10017be0 f   njsSodaDatabase.obj
 0001:00016c30       ?Async_AfterOpenCollection@njsSodaDatabase@@CAXPAVnjsBaton@@QAV?$Local@VValue@v8@@@v8@@@Z 10017c30 f   njsSodaDatabase.obj
 0001:00016c60       ?GetCollectionNames@njsSodaDatabase@@CAXABV?$FunctionCallbackInfo@VValue@v8@@@Nan@@@Z 10017c60 f   njsSodaDatabase.obj
 0001:00016d40       ?Async_GetCollectionNames@njsSodaDatabase@@CAXPAVnjsBaton@@@Z 10017d40 f   njsSodaDatabase.obj
 0001:00016da0       ?Async_AfterGetCollectionNames@njsSodaDatabase@@CAXPAVnjsBaton@@QAV?$Local@VValue@v8@@@v8@@@Z 10017da0 f   njsSodaDatabase.obj
 0001:00016ed0       ?CreateDocument@njsSodaDatabase@@CAXABV?$FunctionCallbackInfo@VValue@v8@@@Nan@@@Z 10017ed0 f   njsSodaDatabase.obj
 0001:00017110       ??_EnjsSodaCollection@@EAEPAXI@Z 10018110 f i * CIL library *:* CIL module *
 0001:00017110       ??_GnjsSodaCollection@@EAEPAXI@Z 10018110 f i njsSodaCollection.obj
 0001:00017110       ??_EnjsSodaOperation@@EAEPAXI@Z 10018110 f i * CIL library *:* CIL module *
 0001:00017110       ??_GnjsSodaOperation@@EAEPAXI@Z 10018110 f i njsSodaOperation.obj
 0001:000171b0       ?Init@njsSodaCollection@@SAXV?$Local@VObject@v8@@@v8@@@Z 100181b0 f   njsSodaCollection.obj
 0001:00017440       ?New@njsSodaOperation@@CAXABV?$FunctionCallbackInfo@VValue@v8@@@Nan@@@Z 10018440 f   njsSodaOperation.obj
 0001:00017440       ?New@njsSodaCollection@@CAXABV?$FunctionCallbackInfo@VValue@v8@@@Nan@@@Z 10018440 f   njsSodaCollection.obj
 0001:000174a0       ?CreateFromBaton@njsSodaCollection@@SA?AV?$Local@VObject@v8@@@v8@@PAVnjsBaton@@@Z 100184a0 f   njsSodaCollection.obj
 0001:000176a0       ?DropCollection@njsSodaCollection@@CAXABV?$FunctionCallbackInfo@VValue@v8@@@Nan@@@Z 100186a0 f   njsSodaCollection.obj
 0001:00017780       ?Async_DropCollection@njsSodaCollection@@CAXPAVnjsBaton@@@Z 10018780 f   njsSodaCollection.obj
 0001:00017910       ?Async_AfterDropCollection@njsSodaCollection@@CAXPAVnjsBaton@@QAV?$Local@VValue@v8@@@v8@@@Z 10018910 f   njsSodaCollection.obj
 0001:00017910       ?Async_AfterDropIndex@njsSodaCollection@@CAXPAVnjsBaton@@QAV?$Local@VValue@v8@@@v8@@@Z 10018910 f   njsSodaCollection.obj
 0001:00017a20       ?InsertOne@njsSodaCollection@@CAXABV?$FunctionCallbackInfo@VValue@v8@@@Nan@@@Z 10018a20 f   njsSodaCollection.obj
 0001:00017b20       ?Async_InsertOne@njsSodaCollection@@CAXPAVnjsBaton@@@Z 10018b20 f   njsSodaCollection.obj
 0001:00017b60       ?InsertOneAndGet@njsSodaCollection@@CAXABV?$FunctionCallbackInfo@VValue@v8@@@Nan@@@Z 10018b60 f   njsSodaCollection.obj
 0001:00017c70       ?Async_InsertOneAndGet@njsSodaCollection@@CAXPAVnjsBaton@@@Z 10018c70 f   njsSodaCollection.obj
 0001:00017cd0       ?Async_AfterInsertOneAndGet@njsSodaCollection@@CAXPAVnjsBaton@@QAV?$Local@VValue@v8@@@v8@@@Z 10018cd0 f   njsSodaCollection.obj
 0001:00017d60       ?CreateIndex@njsSodaCollection@@CAXABV?$FunctionCallbackInfo@VValue@v8@@@Nan@@@Z 10018d60 f   njsSodaCollection.obj
 0001:00017e50       ?Async_CreateIndex@njsSodaCollection@@CAXPAVnjsBaton@@@Z 10018e50 f   njsSodaCollection.obj
 0001:00018010       ?DropIndex@njsSodaCollection@@CAXABV?$FunctionCallbackInfo@VValue@v8@@@Nan@@@Z 10019010 f   njsSodaCollection.obj
 0001:00018140       ?Async_DropIndex@njsSodaCollection@@CAXPAVnjsBaton@@@Z 10019140 f   njsSodaCollection.obj
 0001:000181a0       ?GetDataGuide@njsSodaCollection@@CAXABV?$FunctionCallbackInfo@VValue@v8@@@Nan@@@Z 100191a0 f   njsSodaCollection.obj
 0001:00018220       ?Async_GetDataGuide@njsSodaCollection@@CAXPAVnjsBaton@@@Z 10019220 f   njsSodaCollection.obj
 0001:00018250       ?Async_AfterGetDataGuide@njsSodaCollection@@CAXPAVnjsBaton@@QAV?$Local@VValue@v8@@@v8@@@Z 10019250 f   njsSodaCollection.obj
 0001:00018250       ?Async_AfterReplaceOneAndGet@njsSodaOperation@@CAXPAVnjsBaton@@QAV?$Local@VValue@v8@@@v8@@@Z 10019250 f   njsSodaOperation.obj
 0001:00018250       ?Async_AfterGetOne@njsSodaOperation@@CAXPAVnjsBaton@@QAV?$Local@VValue@v8@@@v8@@@Z 10019250 f   njsSodaOperation.obj
 0001:00018250       ?Async_AfterGetNext@njsSodaDocCursor@@CAXPAVnjsBaton@@QAV?$Local@VValue@v8@@@v8@@@Z 10019250 f   njsSodaDocCursor.obj
 0001:000182e0       ?Find@njsSodaCollection@@CAXABV?$FunctionCallbackInfo@VValue@v8@@@Nan@@@Z 100192e0 f   njsSodaCollection.obj
 0001:00018380       ?GetCollectionName@njsSodaCollection@@CAXV?$Local@VString@v8@@@v8@@ABV?$PropertyCallbackInfo@VValue@v8@@@Nan@@@Z 10019380 f   njsSodaCollection.obj
 0001:000184e0       ?SetCollectionName@njsSodaCollection@@CAXV?$Local@VString@v8@@@v8@@V?$Local@VValue@v8@@@3@ABV?$PropertyCallbackInfo@X@Nan@@@Z 100194e0 f   njsSodaCollection.obj
 0001:000184f0       ?GetCollectionMetaData@njsSodaCollection@@CAXV?$Local@VString@v8@@@v8@@ABV?$PropertyCallbackInfo@VValue@v8@@@Nan@@@Z 100194f0 f   njsSodaCollection.obj
 0001:00018650       ??_GnjsSodaDocument@@EAEPAXI@Z 10019650 f i njsSodaDocument.obj
 0001:00018650       ??_EnjsSodaDocument@@EAEPAXI@Z 10019650 f i * CIL library *:* CIL module *
 0001:000186d0       ?Init@njsSodaDocument@@SAXV?$Local@VObject@v8@@@v8@@@Z 100196d0 f   njsSodaDocument.obj
 0001:000189f0       ?New@njsSodaDocument@@CAXABV?$FunctionCallbackInfo@VValue@v8@@@Nan@@@Z 100199f0 f   njsSodaDocument.obj
 0001:00018a50       ?CreateFromDPIDoc@njsSodaDocument@@SA?AV?$Local@VObject@v8@@@v8@@PAUdpiSodaDoc@@@Z 10019a50 f   njsSodaDocument.obj
 0001:00018b90       ?GetContentAsString@njsSodaDocument@@CAXABV?$FunctionCallbackInfo@VValue@v8@@@Nan@@@Z 10019b90 f   njsSodaDocument.obj
 0001:00018ca0       ?GetContentAsBuffer@njsSodaDocument@@CAXABV?$FunctionCallbackInfo@VValue@v8@@@Nan@@@Z 10019ca0 f   njsSodaDocument.obj
 0001:00018d60       ?GetCreatedOn@njsSodaDocument@@CAXV?$Local@VString@v8@@@v8@@ABV?$PropertyCallbackInfo@VValue@v8@@@Nan@@@Z 10019d60 f   njsSodaDocument.obj
 0001:00018e20       ?SetCreatedOn@njsSodaDocument@@CAXV?$Local@VString@v8@@@v8@@V?$Local@VValue@v8@@@3@ABV?$PropertyCallbackInfo@X@Nan@@@Z 10019e20 f   njsSodaDocument.obj
 0001:00018e30       ?GetKey@njsSodaDocument@@CAXV?$Local@VString@v8@@@v8@@ABV?$PropertyCallbackInfo@VValue@v8@@@Nan@@@Z 10019e30 f   njsSodaDocument.obj
 0001:00018ef0       ?SetKey@njsSodaDocument@@CAXV?$Local@VString@v8@@@v8@@V?$Local@VValue@v8@@@3@ABV?$PropertyCallbackInfo@X@Nan@@@Z 10019ef0 f   njsSodaDocument.obj
 0001:00018f00       ?GetLastModified@njsSodaDocument@@CAXV?$Local@VString@v8@@@v8@@ABV?$PropertyCallbackInfo@VValue@v8@@@Nan@@@Z 10019f00 f   njsSodaDocument.obj
 0001:00018fc0       ?SetLastModified@njsSodaDocument@@CAXV?$Local@VString@v8@@@v8@@V?$Local@VValue@v8@@@3@ABV?$PropertyCallbackInfo@X@Nan@@@Z 10019fc0 f   njsSodaDocument.obj
 0001:00018fd0       ?GetMediaType@njsSodaDocument@@CAXV?$Local@VString@v8@@@v8@@ABV?$PropertyCallbackInfo@VValue@v8@@@Nan@@@Z 10019fd0 f   njsSodaDocument.obj
 0001:00019090       ?SetMediaType@njsSodaDocument@@CAXV?$Local@VString@v8@@@v8@@V?$Local@VValue@v8@@@3@ABV?$PropertyCallbackInfo@X@Nan@@@Z 1001a090 f   njsSodaDocument.obj
 0001:000190a0       ?GetVersion@njsSodaDocument@@CAXV?$Local@VString@v8@@@v8@@ABV?$PropertyCallbackInfo@VValue@v8@@@Nan@@@Z 1001a0a0 f   njsSodaDocument.obj
 0001:00019160       ?Init@njsSodaOperation@@SAXV?$Local@VObject@v8@@@v8@@@Z 1001a160 f   njsSodaOperation.obj
 0001:00019350       ?Create@njsSodaOperation@@SA?AV?$Local@VObject@v8@@@v8@@PAUdpiSodaColl@@PAUdpiSodaDb@@AAV?$Persistent@VObject@v8@@V?$NonCopyablePersistentTraits@VObject@v8@@@2@@Nan@@@Z 1001a350 f   njsSodaOperation.obj
 0001:00019550       ?ProcessOptions@njsSodaOperation@@AAE_NPAVnjsBaton@@V?$Local@VObject@v8@@@v8@@@Z 1001a550 f   njsSodaOperation.obj
 0001:00019820       ?Count@njsSodaOperation@@CAXABV?$FunctionCallbackInfo@VValue@v8@@@Nan@@@Z 1001a820 f   njsSodaOperation.obj
 0001:00019890       ?Async_Count@njsSodaOperation@@CAXPAVnjsBaton@@@Z 1001a890 f   njsSodaOperation.obj
 0001:000198d0       ?Async_AfterCount@njsSodaOperation@@CAXPAVnjsBaton@@QAV?$Local@VValue@v8@@@v8@@@Z 1001a8d0 f   njsSodaOperation.obj
 0001:00019a30       ?GetOne@njsSodaOperation@@CAXABV?$FunctionCallbackInfo@VValue@v8@@@Nan@@@Z 1001aa30 f   njsSodaOperation.obj
 0001:00019aa0       ?Async_GetOne@njsSodaOperation@@CAXPAVnjsBaton@@@Z 1001aaa0 f   njsSodaOperation.obj
 0001:00019bc0       ?ReplaceOne@njsSodaOperation@@CAXABV?$FunctionCallbackInfo@VValue@v8@@@Nan@@@Z 1001abc0 f   njsSodaOperation.obj
 0001:00019c60       ?Async_ReplaceOne@njsSodaOperation@@CAXPAVnjsBaton@@@Z 1001ac60 f   njsSodaOperation.obj
 0001:00019cb0       ?Async_AfterReplaceOne@njsSodaOperation@@CAXPAVnjsBaton@@QAV?$Local@VValue@v8@@@v8@@@Z 1001acb0 f   njsSodaOperation.obj
 0001:00019dc0       ?ReplaceOneAndGet@njsSodaOperation@@CAXABV?$FunctionCallbackInfo@VValue@v8@@@Nan@@@Z 1001adc0 f   njsSodaOperation.obj
 0001:00019e60       ?Async_ReplaceOneAndGet@njsSodaOperation@@CAXPAVnjsBaton@@@Z 1001ae60 f   njsSodaOperation.obj
 0001:00019ed0       ?Remove@njsSodaOperation@@CAXABV?$FunctionCallbackInfo@VValue@v8@@@Nan@@@Z 1001aed0 f   njsSodaOperation.obj
 0001:00019f40       ?Async_Remove@njsSodaOperation@@CAXPAVnjsBaton@@@Z 1001af40 f   njsSodaOperation.obj
 0001:00019f80       ?Async_AfterRemove@njsSodaOperation@@CAXPAVnjsBaton@@QAV?$Local@VValue@v8@@@v8@@@Z 1001af80 f   njsSodaOperation.obj
 0001:0001a0e0       ?GetCursor@njsSodaOperation@@CAXABV?$FunctionCallbackInfo@VValue@v8@@@Nan@@@Z 1001b0e0 f   njsSodaOperation.obj
 0001:0001a150       ?Async_GetCursor@njsSodaOperation@@CAXPAVnjsBaton@@@Z 1001b150 f   njsSodaOperation.obj
 0001:0001a190       ?Async_AfterGetCursor@njsSodaOperation@@CAXPAVnjsBaton@@QAV?$Local@VValue@v8@@@v8@@@Z 1001b190 f   njsSodaOperation.obj
 0001:0001a1b0       ?GetDocuments@njsSodaOperation@@CAXABV?$FunctionCallbackInfo@VValue@v8@@@Nan@@@Z 1001b1b0 f   njsSodaOperation.obj
 0001:0001a220       ?Async_GetDocuments@njsSodaOperation@@CAXPAVnjsBaton@@@Z 1001b220 f   njsSodaOperation.obj
 0001:0001a2c0       ?Async_AfterGetDocuments@njsSodaOperation@@CAXPAVnjsBaton@@QAV?$Local@VValue@v8@@@v8@@@Z 1001b2c0 f   njsSodaOperation.obj
 0001:0001a3e0       ??$_Emplace_reallocate@ABQAUdpiSodaDoc@@@?$vector@PAUdpiSodaDoc@@V?$allocator@PAUdpiSodaDoc@@@std@@@std@@QAEPAPAUdpiSodaDoc@@QAPAU2@ABQAU2@@Z 1001b3e0 f i njsSodaOperation.obj
 0001:0001a530       ?_Xlength@?$vector@PAUdpiSodaDoc@@V?$allocator@PAUdpiSodaDoc@@@std@@@std@@CAXXZ 1001b530 f i njsSodaOperation.obj
 0001:0001a530       ?_Xlength@?$vector@V?$basic_string@DU?$char_traits@D@std@@V?$allocator@D@2@@std@@V?$allocator@V?$basic_string@DU?$char_traits@D@std@@V?$allocator@D@2@@std@@@2@@std@@CAXXZ 1001b530 f i njsUtils.obj
 0001:0001a540       ?GetInvalidErrorType@njsSodaDocCursor@@EBE?AW4njsErrorType@@XZ 1001b540 f i njsSodaDocCursor.obj
 0001:0001a550       ??_EnjsSodaDocCursor@@EAEPAXI@Z 1001b550 f i * CIL library *:* CIL module *
 0001:0001a550       ??_GnjsSodaDocCursor@@EAEPAXI@Z 1001b550 f i njsSodaDocCursor.obj
 0001:0001a5f0       ?New@njsSodaDocCursor@@CAXABV?$FunctionCallbackInfo@VValue@v8@@@Nan@@@Z 1001b5f0 f   njsSodaDocCursor.obj
 0001:0001a650       ?CreateFromBaton@njsSodaDocCursor@@SA?AV?$Local@VObject@v8@@@v8@@PAVnjsBaton@@@Z 1001b650 f   njsSodaDocCursor.obj
 0001:0001a840       ?GetNext@njsSodaDocCursor@@CAXABV?$FunctionCallbackInfo@VValue@v8@@@Nan@@@Z 1001b840 f   njsSodaDocCursor.obj
 0001:0001a920       ?Async_GetNext@njsSodaDocCursor@@CAXPAVnjsBaton@@@Z 1001b920 f   njsSodaDocCursor.obj
 0001:0001a960       ?Close@njsSodaDocCursor@@CAXABV?$FunctionCallbackInfo@VValue@v8@@@Nan@@@Z 1001b960 f   njsSodaDocCursor.obj
 0001:0001a9c0       ?Async_Close@njsSodaDocCursor@@CAXPAVnjsBaton@@@Z 1001b9c0 f   njsSodaDocCursor.obj
 0001:0001aaf0       ?GetIntFromJSON@njsUtils@@SA_NV?$Local@VObject@v8@@@v8@@PBDHPAHAAV?$basic_string@DU?$char_traits@D@std@@V?$allocator@D@2@@std@@@Z 1001baf0 f   njsUtils.obj
 0001:0001ad00       ?GetStringFromJSON@njsUtils@@SA_NV?$Local@VObject@v8@@@v8@@PBDHAAV?$basic_string@DU?$char_traits@D@std@@V?$allocator@D@2@@std@@2@Z 1001bd00 f   njsUtils.obj
 0001:0001afb0       ?GetStringArrayFromJSON@njsUtils@@SA_NV?$Local@VObject@v8@@@v8@@PBDHAAV?$vector@V?$basic_string@DU?$char_traits@D@std@@V?$allocator@D@2@@std@@V?$allocator@V?$basic_string@DU?$char_traits@D@std@@V?$allocator@D@2@@std@@@2@@std@@AAV?$basic_string@DU?$char_traits@D@std@@V?$allocator@D@2@@5@@Z 1001bfb0 f   njsUtils.obj
 0001:0001b340       ??$_Emplace_reallocate@V?$basic_string@DU?$char_traits@D@std@@V?$allocator@D@2@@std@@@?$vector@V?$basic_string@DU?$char_traits@D@std@@V?$allocator@D@2@@std@@V?$allocator@V?$basic_string@DU?$char_traits@D@std@@V?$allocator@D@2@@std@@@2@@std@@QAEPAV?$basic_string@DU?$char_traits@D@std@@V?$allocator@D@2@@1@QAV21@$$QAV21@@Z 1001c340 f i njsUtils.obj
 0001:0001b510       ??$_Uninitialized_move@PAV?$basic_string@DU?$char_traits@D@std@@V?$allocator@D@2@@std@@PAV12@V?$allocator@V?$basic_string@DU?$char_traits@D@std@@V?$allocator@D@2@@std@@@2@@std@@YAPAV?$basic_string@DU?$char_traits@D@std@@V?$allocator@D@2@@0@QAV10@0PAV10@AAV?$allocator@V?$basic_string@DU?$char_traits@D@std@@V?$allocator@D@2@@std@@@0@@Z 1001c510 f i njsUtils.obj
 0001:0001be20       _dpiConn__create           1001ce20 f   dpiConn.obj
 0001:0001c2b0       _dpiConn__free             1001d2b0 f   dpiConn.obj
 0001:0001c630       _dpiConn__getServerVersion 1001d630 f   dpiConn.obj
 0001:0001d4f0       _dpiConn_close             1001e4f0 f   dpiConn.obj
 0001:0001d660       _dpiConn_create            1001e660 f   dpiConn.obj
 0001:0001da40       _dpiConn_getSodaDb         1001ea40 f   dpiConn.obj
 0001:0001dbb0       _dpiConn_getServerVersion  1001ebb0 f   dpiConn.obj
 0001:0001dd00       _dpiConn_newVar            1001ed00 f   dpiConn.obj
 0001:0001de20       _dpiConn_prepareStmt       1001ee20 f   dpiConn.obj
 0001:0001df80       _dpiConn_setAction         1001ef80 f   dpiConn.obj
 0001:0001dfa0       _dpiConn_setClientIdentifier 1001efa0 f   dpiConn.obj
 0001:0001dfc0       _dpiConn_setModule         1001efc0 f   dpiConn.obj
 0001:0001dfe0       _dpiConn_subscribe         1001efe0 f   dpiConn.obj
 0001:0001e200       _dpiContext__initPoolCreateParams 1001f200 f   dpiContext.obj
 0001:0001e260       _dpiContext_getClientVersion 1001f260 f   dpiContext.obj
 0001:0001e3a0       _dpiContext_initConnCreateParams 1001f3a0 f   dpiContext.obj
 0001:0001e4e0       _dpiDataBuffer__fromOracleDate 1001f4e0 f   dpiData.obj
 0001:0001e520       _dpiDataBuffer__fromOracleNumberAsDouble 1001f520 f   dpiData.obj
 0001:0001e5c0       _dpiDataBuffer__fromOracleNumberAsText 1001f5c0 f   dpiData.obj
 0001:0001e930       _dpiDataBuffer__fromOracleTimestamp 1001f930 f   dpiData.obj
 0001:0001eb40       _dpiDataBuffer__fromOracleTimestampAsDouble 1001fb40 f   dpiData.obj
 0001:0001ed20       _dpiDataBuffer__toOracleDate 1001fd20 f   dpiData.obj
 0001:0001ed50       _dpiDataBuffer__toOracleNumberFromDouble 1001fd50 f   dpiData.obj
 0001:0001ee30       _dpiDataBuffer__toOracleNumberFromText 1001fe30 f   dpiData.obj
 0001:0001efc0       _dpiDataBuffer__toOracleTimestamp 1001ffc0 f   dpiData.obj
 0001:0001f080       _dpiDataBuffer__toOracleTimestampFromDouble 10020080 f   dpiData.obj
 0001:0001f280       __vfprintf_l               10020280 f i dpiDebug.obj
 0001:0001f4a0       _dpiDebug__print           100204a0 f   dpiDebug.obj
 0001:0001f500       _dpiDeqOptions__free       10020500 f   dpiDeqOptions.obj
 0001:0001f5a0       _dpiEnqOptions__free       100205a0 f   dpiEnqOptions.obj
 0001:0001f640       _dpiEnv__free              10020640 f   dpiEnv.obj
 0001:0001f920       _dpiEnv__init              10020920 f   dpiEnv.obj
 0001:0001fdc0       _dpiEnv__initError         10020dc0 f   dpiEnv.obj
 0001:0001ff80       _dpiError__check           10020f80 f   dpiError.obj
 0001:00020290       _dpiError__getInfo         10021290 f   dpiError.obj
 0001:000203c0       _dpiError__set             100213c0 f   dpiError.obj
 0001:00020470       _dpiGen__addRef            10021470 f   dpiGen.obj
 0001:000205d0       _dpiGen__allocate          100215d0 f   dpiGen.obj
 0001:000206f0       _dpiGen__checkHandle       100216f0 f   dpiGen.obj
 0001:00020730       _dpiGen__endPublicFn       10021730 f   dpiGen.obj
 0001:000207a0       _dpiGen__release           100217a0 f   dpiGen.obj
 0001:00020910       _dpiGen__setRefCount       10021910 f   dpiGen.obj
 0001:000209a0       _dpiGen__startPublicFn     100219a0 f   dpiGen.obj
 0001:00020be0       _dpiGlobal__initError      10021be0 f   dpiGlobal.obj
 0001:00020f60       _dpiGlobal__lookupCharSet  10021f60 f   dpiGlobal.obj
 0001:00021190       _dpiHandleList__addHandle  10022190 f   dpiHandleList.obj
 0001:000212d0       _dpiHandleList__create     100222d0 f   dpiHandleList.obj
 0001:000213c0       _dpiHandleList__free       100223c0 f   dpiHandleList.obj
 0001:00021420       _dpiHandleList__removeHandle 10022420 f   dpiHandleList.obj
 0001:00021450       _dpiHandlePool__release    10022450 f   dpiHandlePool.obj
 0001:00021490       _dpiLob__allocate          10022490 f   dpiLob.obj
 0001:00021660       _dpiLob__close             10022660 f   dpiLob.obj
 0001:00021830       _dpiLob__free              10022830 f   dpiLob.obj
 0001:00021890       _dpiLob__readBytes         10022890 f   dpiLob.obj
 0001:00021a40       _dpiLob_close              10022a40 f   dpiLob.obj
 0001:00021b00       _dpiMsgProps__free         10022b00 f   dpiMsgProps.obj
 0001:00021bd0       _dpiObjectAttr__free       10022bd0 f   dpiObjectAttr.obj
 0001:00021c60       _dpiObject__allocate       10022c60 f   dpiObject.obj
 0001:00021e40       _dpiObject__close          10022e40 f   dpiObject.obj
 0001:00021fc0       _dpiObject__free           10022fc0 f   dpiObject.obj
 0001:00022030       _dpiObjectType__allocate   10023030 f   dpiObjectType.obj
 0001:00022160       _dpiObjectType__free       10023160 f   dpiObjectType.obj
 0001:00022530       _snprintf                  10023530 f i dpiOci.obj
 0001:000225a0       _dpiOci__arrayDescriptorAlloc 100235a0 f   dpiOci.obj
 0001:00022640       _dpiOci__arrayDescriptorFree 10023640 f   dpiOci.obj
 0001:000226e0       _dpiOci__collGetElem       100236e0 f   dpiOci.obj
 0001:00022790       _dpiOci__collSize          10023790 f   dpiOci.obj
 0001:00022840       _dpiOci__contextGetValue   10023840 f   dpiOci.obj
 0001:00022900       _dpiOci__dateTimeConstruct 10023900 f   dpiOci.obj
 0001:000229b0       _dpiOci__describeAny       100239b0 f   dpiOci.obj
 0001:00022a50       _dpiOci__descriptorAlloc   10023a50 f   dpiOci.obj
 0001:00022ab0       _dpiOci__descriptorFree    10023ab0 f   dpiOci.obj
 0001:00022b10       _dpiOci__envNlsCreate      10023b10 f   dpiOci.obj
 0001:00022be0       _dpiOci__errorGet          10023be0 f   dpiOci.obj
 0001:00022d60       _dpiOci__handleAlloc       10023d60 f   dpiOci.obj
 0001:00022df0       _dpiOci__handleFree        10023df0 f   dpiOci.obj
 0001:00022e50       _dpiOci__intervalGetDaySecond 10023e50 f   dpiOci.obj
 0001:00022f00       _dpiOci__intervalSetDaySecond 10023f00 f   dpiOci.obj
 0001:000236c0       _dpiOci__lobClose          100246c0 f   dpiOci.obj
 0001:00023760       _dpiOci__lobCreateTemporary 10024760 f   dpiOci.obj
 0001:000237e0       _dpiOci__lobFreeTemporary  100247e0 f   dpiOci.obj
 0001:00023850       _dpiOci__lobGetLength2     10024850 f   dpiOci.obj
 0001:00023900       _dpiOci__lobIsOpen         10024900 f   dpiOci.obj
 0001:000239b0       _dpiOci__lobOpen           100249b0 f   dpiOci.obj
 0001:00023a70       _dpiOci__lobTrim2          10024a70 f   dpiOci.obj
 0001:00023b30       _dpiOci__lobWrite2         10024b30 f   dpiOci.obj
 0001:00023c30       _dpiOci__nlsCharSetNameToId 10024c30 f   dpiOci.obj
 0001:00023cc0       _dpiOci__nlsEnvironmentVariableGet 10024cc0 f   dpiOci.obj
 0001:00023d70       _dpiOci__nlsNameMap        10024d70 f   dpiOci.obj
 0001:00023e00       _dpiOci__numberFromInt     10024e00 f   dpiOci.obj
 0001:00023ea0       _dpiOci__numberToInt       10024ea0 f   dpiOci.obj
 0001:00023f40       _dpiOci__passwordChange    10024f40 f   dpiOci.obj
 0001:00023fc0       _dpiOci__ping              10024fc0 f   dpiOci.obj
 0001:00024060       _dpiOci__rawPtr            10025060 f   dpiOci.obj
 0001:000240f0       _dpiOci__rawSize           100250f0 f   dpiOci.obj
 0001:000241e0       _dpiOci__sessionPoolDestroy 100251e0 f   dpiOci.obj
 0001:000242e0       _dpiOci__sessionRelease    100252e0 f   dpiOci.obj
 0001:00024390       _dpiOci__sodaCollGetNext   10025390 f   dpiOci.obj
 0001:00024450       _dpiOci__sodaCollList      10025450 f   dpiOci.obj
 0001:00024500       _dpiOci__stmtFetch2        10025500 f   dpiOci.obj
 0001:000245c0       _dpiOci__stmtPrepare2      100255c0 f   dpiOci.obj
 0001:00024650       _dpiOci__stmtRelease       10025650 f   dpiOci.obj
 0001:00024700       _dpiOci__subscriptionUnRegister 10025700 f   dpiOci.obj
 0001:00024760       _dpiOci__threadKeySet      10025760 f   dpiOci.obj
 0001:000247e0       _dpiOci__transRollback     100257e0 f   dpiOci.obj
 0001:00024890       _dpiOracleType__getFromNum 10025890 f   dpiOracleType.obj
 0001:000248d0       _dpiOracleType__populateTypeInfo 100258d0 f   dpiOracleType.obj
 0001:00024e00       _dpiPool__acquireConnection 10025e00 f   dpiPool.obj
 0001:000252a0       _dpiPool__free             100262a0 f   dpiPool.obj
 0001:000255e0       _dpiPool_create            100265e0 f   dpiPool.obj
 0001:000258b0       _dpiRowid__free            100268b0 f   dpiRowid.obj
 0001:00025970       _dpiRowid_getStringValue   10026970 f   dpiRowid.obj
 0001:00025cc0       _dpiSodaColl__allocate     10026cc0 f   dpiSodaColl.obj
 0001:00026350       _dpiSodaColl__free         10027350 f   dpiSodaColl.obj
 0001:00026630       _dpiSodaColl_dropIndex     10027630 f   dpiSodaColl.obj
 0001:000267e0       _dpiSodaColl_find          100277e0 f   dpiSodaColl.obj
 0001:000268f0       _dpiSodaColl_getDataGuide  100278f0 f   dpiSodaColl.obj
 0001:00026ac0       _dpiSodaColl_getDocCount   10027ac0 f   dpiSodaColl.obj
 0001:00026cc0       _dpiSodaColl_insertOne     10027cc0 f   dpiSodaColl.obj
 0001:00026f30       _dpiSodaColl_remove        10027f30 f   dpiSodaColl.obj
 0001:00027130       _dpiSodaColl_replaceOne    10028130 f   dpiSodaColl.obj
 0001:00027240       _dpiSodaCollCursor__free   10028240 f   dpiSodaCollCursor.obj
 0001:000276d0       _dpiSodaDb__free           100286d0 f   dpiSodaDb.obj
 0001:00027720       _dpiSodaDb_createCollection 10028720 f   dpiSodaDb.obj
 0001:00027920       _dpiSodaDb_createDocument  10028920 f   dpiSodaDb.obj
 0001:00027c00       _dpiSodaDb_getCollectionNames 10028c00 f   dpiSodaDb.obj
 0001:00027dc0       _dpiSodaDb_openCollection  10028dc0 f   dpiSodaDb.obj
 0001:00027fa0       _dpiSodaDoc__allocate      10028fa0 f   dpiSodaDoc.obj
 0001:000280b0       _dpiSodaDoc__free          100290b0 f   dpiSodaDoc.obj
 0001:00028270       _dpiSodaDoc_getContent     10029270 f   dpiSodaDoc.obj
 0001:00028510       _dpiSodaDocCursor__free    10029510 f   dpiSodaDocCursor.obj
 0001:000285b0       _dpiSodaDocCursor_getNext  100295b0 f   dpiSodaDocCursor.obj
 0001:000287a0       _dpiStmt__allocate         100297a0 f   dpiStmt.obj
 0001:00029500       _dpiStmt__close            1002a500 f   dpiStmt.obj
 0001:0002a1c0       _dpiStmt__free             1002b1c0 f   dpiStmt.obj
 0001:0002a720       _dpiStmt__init             1002b720 f   dpiStmt.obj
 0001:0002a940       _dpiStmt__prepare          1002b940 f   dpiStmt.obj
 0001:0002a9d0       _dpiStmt_bindByName        1002b9d0 f   dpiStmt.obj
 0001:0002ab20       _dpiStmt_bindByPos         1002bb20 f   dpiStmt.obj
 0001:0002ac30       _dpiStmt_execute           1002bc30 f   dpiStmt.obj
 0001:0002ad00       _dpiStmt_executeMany       1002bd00 f   dpiStmt.obj
 0001:0002af10       _dpiStmt_fetchRows         1002bf10 f   dpiStmt.obj
 0001:0002b090       _dpiStmt_getBatchErrors    1002c090 f   dpiStmt.obj
 0001:0002b200       _dpiStmt_getBindNames      1002c200 f   dpiStmt.obj
 0001:0002b4f0       _dpiStmt_getInfo           1002c4f0 f   dpiStmt.obj
 0001:0002b650       _dpiStmt_getRowCount       1002c650 f   dpiStmt.obj
 0001:0002b7e0       _dpiStmt_getRowCounts      1002c7e0 f   dpiStmt.obj
 0001:0002b950       _dpiStmt_setFetchArraySize 1002c950 f   dpiStmt.obj
 0001:0002bd80       _dpiSubscr__create         1002cd80 f   dpiSubscr.obj
 0001:0002c2b0       _dpiSubscr__free           1002d2b0 f   dpiSubscr.obj
 0001:0002cb10       _dpiSubscr_prepareStmt     1002db10 f   dpiSubscr.obj
 0001:0002cd80       _dpiUtils__allocateMemory  1002dd80 f   dpiUtils.obj
 0001:0002cdf0       _dpiUtils__freeMemory      1002ddf0 f   dpiUtils.obj
 0001:0002ce10       _dpiUtils__getAttrStringWithDup 1002de10 f   dpiUtils.obj
 0001:0002cec0       _dpiUtils__parseNumberString 1002dec0 f   dpiUtils.obj
 0001:0002d260       _dpiUtils__setAttributesFromCommonCreateParams 1002e260 f   dpiUtils.obj
 0001:0002d300       _dpiVar__allocate          1002e300 f   dpiVar.obj
 0001:0002d730       _dpiVar__defineCallback    1002e730 f   dpiVar.obj
 0001:0002d810       _dpiVar__extendedPreFetch  1002e810 f   dpiVar.obj
 0001:0002e010       _dpiVar__free              1002f010 f   dpiVar.obj
 0001:0002e0e0       _dpiVar__getValue          1002f0e0 f   dpiVar.obj
 0001:0002e890       _dpiVar__inBindCallback    1002f890 f   dpiVar.obj
 0001:0002ef30       _dpiVar__outBindCallback   1002ff30 f   dpiVar.obj
 0001:0002f450       _dpiVar__setValue          10030450 f   dpiVar.obj
 0001:0002f840       _dpiVar_setFromBytes       10030840 f   dpiVar.obj
 0001:0002fa26       __imp_load__uv_queue_work  10030a26 f   node:node.exe
 0001:0002fa30       __tailMerge_node_exe       10030a30     node:node.exe
 0001:0002fa41       __imp_load_?Global@Context@v8@@QAE?AV?$Local@VObject@v8@@@2@XZ 10030a41 f   node:node.exe
 0001:0002fa4b       __imp_load_?ThrowException@Isolate@v8@@QAE?AV?$Local@VValue@v8@@@2@V32@@Z 10030a4b f   node:node.exe
 0001:0002fa55       __imp_load_?GetCurrentContext@Isolate@v8@@QAE?AV?$Local@VContext@v8@@@2@XZ 10030a55 f   node:node.exe
 0001:0002fa5f       __imp_load_?GetCurrent@Isolate@v8@@SAPAV12@XZ 10030a5f f   node:node.exe
 0001:0002fa69       __imp_load_?CreateHandle@HandleScope@v8@@KAPAPAVObject@internal@2@PAVIsolate@42@PAV342@@Z 10030a69 f   node:node.exe
 0001:0002fa73       __imp_load_??1HandleScope@v8@@QAE@XZ 10030a73 f   node:node.exe
 0001:0002fa7d       __imp_load_??0HandleScope@v8@@QAE@PAVIsolate@1@@Z 10030a7d f   node:node.exe
 0001:0002fa87       __imp_load_?Error@Exception@v8@@SA?AV?$Local@VValue@v8@@@2@V?$Local@VString@v8@@@2@@Z 10030a87 f   node:node.exe
 0001:0002fa91       __imp_load_?Value@Boolean@v8@@QBE_NXZ 10030a91 f   node:node.exe
 0001:0002fa9b       __imp_load_?ToLocalEmpty@V8@v8@@CAXXZ 10030a9b f   node:node.exe
 0001:0002faa5       __imp_load_?FromJustIsNothing@V8@v8@@CAXXZ 10030aa5 f   node:node.exe
 0001:0002faaf       __imp_load_?DisposeGlobal@V8@v8@@CAXPAPAVObject@internal@2@@Z 10030aaf f   node:node.exe
 0001:0002fab9       __imp_load_?GlobalizeReference@V8@v8@@CAPAPAVObject@internal@2@PAVIsolate@42@PAPAV342@@Z 10030ab9 f   node:node.exe
 0001:0002fac3       __imp_load_?Int32Value@Value@v8@@QBE?AV?$Maybe@H@2@V?$Local@VContext@v8@@@2@@Z 10030ac3 f   node:node.exe
 0001:0002facd       __imp_load_?Uint32Value@Value@v8@@QBE?AV?$Maybe@I@2@V?$Local@VContext@v8@@@2@@Z 10030acd f   node:node.exe
 0001:0002fad7       __imp_load_?IsUint32@Value@v8@@QBE_NXZ 10030ad7 f   node:node.exe
 0001:0002fae1       __imp_load_?IsInt32@Value@v8@@QBE_NXZ 10030ae1 f   node:node.exe
 0001:0002faeb       __imp_load_?IsNumber@Value@v8@@QBE_NXZ 10030aeb f   node:node.exe
 0001:0002faf5       __imp_load_?IsBoolean@Value@v8@@QBE_NXZ 10030af5 f   node:node.exe
 0001:0002faff       __imp_load_?IsObject@Value@v8@@QBE_NXZ 10030aff f   node:node.exe
 0001:0002fb09       __imp_load_?IsFunction@Value@v8@@QBE_NXZ 10030b09 f   node:node.exe
 0001:0002fb13       __imp_load_?Get@Message@v8@@QBE?AV?$Local@VString@v8@@@2@XZ 10030b13 f   node:node.exe
 0001:0002fb1d       __imp_load_?Reset@TryCatch@v8@@QAEXXZ 10030b1d f   node:node.exe
 0001:0002fb27       __imp_load_?Message@TryCatch@v8@@QBE?AV?$Local@VMessage@v8@@@2@XZ 10030b27 f   node:node.exe
 0001:0002fb31       __imp_load_?HasCaught@TryCatch@v8@@QBE_NXZ 10030b31 f   node:node.exe
 0001:0002fb3b       __imp_load_??1TryCatch@v8@@QAE@XZ 10030b3b f   node:node.exe
 0001:0002fb45       __imp_load_??0TryCatch@v8@@QAE@PAVIsolate@1@@Z 10030b45 f   node:node.exe
 0001:0002fb4f       __imp_load_?Escape@EscapableHandleScope@v8@@AAEPAPAVObject@internal@2@PAPAV342@@Z 10030b4f f   node:node.exe
 0001:0002fb59       __imp_load_??0EscapableHandleScope@v8@@QAE@PAVIsolate@1@@Z 10030b59 f   node:node.exe
 0001:0002fb63       __imp_load_?NewFromUtf8@String@v8@@SA?AV?$MaybeLocal@VString@v8@@@2@PAVIsolate@2@PBDW4NewStringType@2@H@Z 10030b63 f   node:node.exe
 0001:0002fb6d       __imp_load_?WriteUtf8@String@v8@@QBEHPADHPAHH@Z 10030b6d f   node:node.exe
 0001:0002fb77       __imp_load_?Length@String@v8@@QBEHXZ 10030b77 f   node:node.exe
 0001:0002fb81       __imp_load_?New@Number@v8@@SA?AV?$Local@VNumber@v8@@@2@PAVIsolate@2@N@Z 10030b81 f   node:node.exe
 0001:0002fb8b       __imp_load_?SlowGetAlignedPointerFromInternalField@Object@v8@@AAEPAXH@Z 10030b8b f   node:node.exe
 0001:0002fb95       __imp_load_?New@Object@v8@@SA?AV?$Local@VObject@v8@@@2@PAVIsolate@2@@Z 10030b95 f   node:node.exe
 0001:0002fb9f       __imp_load_?InternalFieldCount@Object@v8@@QAEHXZ 10030b9f f   node:node.exe
 0001:0002fba9       __imp_load_?Get@Object@v8@@QAE?AV?$MaybeLocal@VValue@v8@@@2@V?$Local@VContext@v8@@@2@V?$Local@VValue@v8@@@2@@Z 10030ba9 f   node:node.exe
 0001:0002fbb3       __imp_load_?Set@Object@v8@@QAE?AV?$Maybe@_N@2@V?$Local@VContext@v8@@@2@V?$Local@VValue@v8@@@2@1@Z 10030bb3 f   node:node.exe
 0001:0002fbbd       __imp_load_?EmitAsyncDestroy@node@@YAXPAVIsolate@v8@@Uasync_context@1@@Z 10030bbd f   node:node.exe
 0001:0002fbc7       __imp_load_?FatalException@node@@YAXPAVIsolate@v8@@ABVTryCatch@3@@Z 10030bc7 f   node:node.exe
 0001:0002fbd1       __imp_load_?HasInstance@Buffer@node@@YA_NV?$Local@VObject@v8@@@v8@@@Z 10030bd1 f   node:node.exe
 0001:0002fbdb       __imp_load_?Data@Buffer@node@@YAPADV?$Local@VObject@v8@@@v8@@@Z 10030bdb f   node:node.exe
 0001:0002fbe5       __imp_load_?Length@Buffer@node@@YAIV?$Local@VObject@v8@@@v8@@@Z 10030be5 f   node:node.exe
 0001:0002fbef       __imp_load_?MakeCallback@node@@YA?AV?$MaybeLocal@VValue@v8@@@v8@@PAVIsolate@3@V?$Local@VObject@v8@@@3@V?$Local@VFunction@v8@@@3@HPAV?$Local@VValue@v8@@@3@Uasync_context@1@@Z 10030bef f   node:node.exe
 0001:0002fbf9       __imp_load_?EmitAsyncInit@node@@YA?AUasync_context@1@PAVIsolate@v8@@V?$Local@VObject@v8@@@4@V?$Local@VString@v8@@@4@N@Z 10030bf9 f   node:node.exe
 0001:0002fc03       __imp_load__uv_default_loop 10030c03 f   node:node.exe
 0001:0002fc0d       __imp_load_?ToObject@Value@v8@@QBE?AV?$Local@VObject@v8@@@2@XZ 10030c0d f   node:node.exe
 0001:0002fc17       __imp_load_?ToString@Value@v8@@QBE?AV?$Local@VString@v8@@@2@XZ 10030c17 f   node:node.exe
 0001:0002fc21       __imp_load_?ToBoolean@Value@v8@@QBE?AV?$Local@VBoolean@v8@@@2@XZ 10030c21 f   node:node.exe
 0001:0002fc2b       __imp_load_??1EscapableHandleScope@v8@@QAE@XZ 10030c2b f   node:node.exe
 0001:0002fc35       __imp_load_?Value@External@v8@@QBEPAXXZ 10030c35 f   node:node.exe
 0001:0002fc3f       __imp_load_?New@External@v8@@SA?AV?$Local@VExternal@v8@@@2@PAVIsolate@2@PAX@Z 10030c3f f   node:node.exe
 0001:0002fc49       __imp_load_?NewFromUnsigned@Integer@v8@@SA?AV?$Local@VInteger@v8@@@2@PAVIsolate@2@I@Z 10030c49 f   node:node.exe
 0001:0002fc53       __imp_load_?New@Integer@v8@@SA?AV?$Local@VInteger@v8@@@2@PAVIsolate@2@H@Z 10030c53 f   node:node.exe
 0001:0002fc5d       __imp_load_?New@Signature@v8@@SA?AV?$Local@VSignature@v8@@@2@PAVIsolate@2@V?$Local@VFunctionTemplate@v8@@@2@@Z 10030c5d f   node:node.exe
 0001:0002fc67       __imp_load_?CreateHandle@HandleScope@v8@@CAPAPAVObject@internal@2@PAVHeapObject@42@PAV342@@Z 10030c67 f   node:node.exe
 0001:0002fc71       __imp_load_?Set@Template@v8@@QAEXV?$Local@VName@v8@@@2@V?$Local@VData@v8@@@2@W4PropertyAttribute@2@@Z 10030c71 f   node:node.exe
 0001:0002fc7b       __imp_load_?New@Array@v8@@SA?AV?$Local@VArray@v8@@@2@PAVIsolate@2@H@Z 10030c7b f   node:node.exe
 0001:0002fc85       __imp_load_?Length@Array@v8@@QBEIXZ 10030c85 f   node:node.exe
 0001:0002fc8f       __imp_load_?SetClassName@FunctionTemplate@v8@@QAEXV?$Local@VString@v8@@@2@@Z 10030c8f f   node:node.exe
 0001:0002fc99       __imp_load_?PrototypeTemplate@FunctionTemplate@v8@@QAE?AV?$Local@VObjectTemplate@v8@@@2@XZ 10030c99 f   node:node.exe
 0001:0002fca3       __imp_load_?InstanceTemplate@FunctionTemplate@v8@@QAE?AV?$Local@VObjectTemplate@v8@@@2@XZ 10030ca3 f   node:node.exe
 0001:0002fcad       __imp_load_?GetFunction@FunctionTemplate@v8@@QAE?AV?$Local@VFunction@v8@@@2@XZ 10030cad f   node:node.exe
[...]
 0002:0000df2c       __unwindtable$?Async_AfterCount@njsSodaOperation@@CAXPAVnjsBaton@@QAV?$Local@VValue@v8@@@v8@@@Z 1005af2c     njsSodaOperation.obj
 0002:0000df44       __ehfuncinfo$?Async_AfterRemove@njsSodaOperation@@CAXPAVnjsBaton@@QAV?$Local@VValue@v8@@@v8@@@Z 1005af44     njsSodaOperation.obj
 0002:0000df44       __ehfuncinfo$?Async_AfterCount@njsSodaOperation@@CAXPAVnjsBaton@@QAV?$Local@VValue@v8@@@v8@@@Z 1005af44     njsSodaOperation.obj
 0002:0000df68       __unwindtable$?GetIntFromJSON@njsUtils@@SA_NV?$Local@VObject@v8@@@v8@@PBDHPAHAAV?$basic_string@DU?$char_traits@D@std@@V?$allocator@D@2@@std@@@Z 1005af68     njsUtils.obj
 0002:0000df80       __ehfuncinfo$?GetIntFromJSON@njsUtils@@SA_NV?$Local@VObject@v8@@@v8@@PBDHPAHAAV?$basic_string@DU?$char_traits@D@std@@V?$allocator@D@2@@std@@@Z 1005af80     njsUtils.obj
 0002:0000dfa4       __unwindtable$?GetStringFromJSON@njsUtils@@SA_NV?$Local@VObject@v8@@@v8@@PBDHAAV?$basic_string@DU?$char_traits@D@std@@V?$allocator@D@2@@std@@2@Z 1005afa4     njsUtils.obj
 0002:0000dfbc       __ehfuncinfo$?GetStringFromJSON@njsUtils@@SA_NV?$Local@VObject@v8@@@v8@@PBDHAAV?$basic_string@DU?$char_traits@D@std@@V?$allocator@D@2@@std@@2@Z 1005afbc     njsUtils.obj
 0002:0000dfe0       __ehfuncinfo$?GetStringArrayFromJSON@njsUtils@@SA_NV?$Local@VObject@v8@@@v8@@PBDHAAV?$vector@V?$basic_string@DU?$char_traits@D@std@@V?$allocator@D@2@@std@@V?$allocator@V?$basic_string@DU?$char_traits@D@std@@V?$allocator@D@2@@std@@@2@@std@@AAV?$basic_string@DU?$char_traits@D@std@@V?$allocator@D@2@@5@@Z 1005afe0     njsUtils.obj
 0002:0000e004       __unwindtable$?GetStringArrayFromJSON@njsUtils@@SA_NV?$Local@VObject@v8@@@v8@@PBDHAAV?$vector@V?$basic_string@DU?$char_traits@D@std@@V?$allocator@D@2@@std@@V?$allocator@V?$basic_string@DU?$char_traits@D@std@@V?$allocator@D@2@@std@@@2@@std@@AAV?$basic_string@DU?$char_traits@D@std@@V?$allocator@D@2@@5@@Z 1005b004     njsUtils.obj
 0002:0000e0d8       __sehtable$??_M@YGXPAXIIP6EX0@Z@Z 1005b0d8     LIBCMT:ehvecdtr.obj
 0002:0000e0f8       __sehtable$?__ArrayUnwind@@YGXPAXIIP6EX0@Z@Z 1005b0f8     LIBCMT:ehvecdtr.obj
 0002:0000e118       __sehtable$___scrt_is_nonwritable_in_current_image 1005b118     LIBCMT:utility.obj
 0002:0000e138       __sehtable$??_L@YGXPAXIIP6EX0@Z1@Z 1005b138     LIBCMT:ehvecctr.obj
 0002:0000e158       __sehtable$?dllmain_crt_process_attach@@YAHQAUHINSTANCE__@@QAX@Z 1005b158     LIBCMT:dll_dllmain.obj
 0002:0000e178       __sehtable$?dllmain_crt_process_detach@@YAH_N@Z 1005b178     LIBCMT:dll_dllmain.obj
 0002:0000e198       __sehtable$?dllmain_dispatch@@YAHQAUHINSTANCE__@@KQAX@Z 1005b198     LIBCMT:dll_dllmain.obj
 0002:0000e1f0       __sehtable$___DestructExceptionObject 1005b1f0     libvcruntime:ehhelpers.obj
 0002:0000e210       __sehtable$?FrameUnwindToState@__FrameHandler3@@SAXPAUEHRegistrationNode@@PAXPBU_s_FuncInfo@@H@Z 1005b210     libvcruntime:frame.obj
 0002:0000e238       __sehtable$?CallCatchBlock@@YAPAXPAUEHExceptionRecord@@PAUEHRegistrationNode@@PAU_CONTEXT@@PBU_s_FuncInfo@@PAXHK@Z 1005b238     libvcruntime:frame.obj
 0002:0000e260       __catchsym$?CallUnexpected@@YAXPBU_s_ESTypeList@@@Z$2 1005b260     libvcruntime:frame.obj
 0002:0000e270       __unwindtable$?CallUnexpected@@YAXPBU_s_ESTypeList@@@Z 1005b270     libvcruntime:frame.obj
 0002:0000e280       __tryblocktable$?CallUnexpected@@YAXPBU_s_ESTypeList@@@Z 1005b280     libvcruntime:frame.obj
 0002:0000e294       __ehfuncinfo$?CallUnexpected@@YAXPBU_s_ESTypeList@@@Z 1005b294     libvcruntime:frame.obj
 0002:0000e2b8       __sehtable$??$BuildCatchObjectHelperInternal@$$CBU_s_HandlerType@@@@YAHPAUEHExceptionRecord@@PAXPBU_s_HandlerType@@PBU_s_CatchableType@@@Z 1005b2b8     libvcruntime:frame.obj
 0002:0000e2d8       __sehtable$??$BuildCatchObjectInternal@$$CBU_s_HandlerType@@@@YAXPAUEHExceptionRecord@@PAXPBU_s_HandlerType@@PBU_s_CatchableType@@@Z 1005b2d8     libvcruntime:frame.obj
 0002:0000e330       __sehtable$??$?RV<lambda_80d7abc6eae2375db70be92ccaaf9b57>@@AAV<lambda_df52180bf14694d51fdefd82613e8f07>@@V<lambda_4fa1155033dff2042363dba4e2dc3802>@@@?$__crt_seh_guarded_call@H@@QAEH$$QAV<lambda_80d7abc6eae2375db70be92ccaaf9b57>@@AAV<lambda_df52180bf14694d51fdefd82613e8f07>@@$$QAV<lambda_4fa1155033dff2042363dba4e2dc3802>@@@Z 1005b330     libucrt:output.obj
 0002:0000e350       __sehtable$??$?RV<lambda_75d23329f2fb3d02b2e1cf5509bb1caf>@@AAV<lambda_c4f131f91cb4ec00a5b0a26aa161b8b4>@@V<lambda_114dc79c86b00c313cb0b6b3b001aaf8>@@@?$__crt_seh_guarded_call@H@@QAEH$$QAV<lambda_75d23329f2fb3d02b2e1cf5509bb1caf>@@AAV<lambda_c4f131f91cb4ec00a5b0a26aa161b8b4>@@$$QAV<lambda_114dc79c86b00c313cb0b6b3b001aaf8>@@@Z 1005b350     libucrt:output.obj
 0002:0000e370       __sehtable$??$common_getenv@D@@YAPADQBD@Z 1005b370     libucrt:getenv.obj
 0002:0000e390       __sehtable$??$common_fsopen@D@@YAPAU_iobuf@@QBD0H@Z 1005b390     libucrt:fopen.obj
 0002:0000e3b0       __sehtable$_fclose         1005b3b0     libucrt:fclose.obj
 0002:0000e3d0       __sehtable$?common_fseek@@YAHV__crt_stdio_stream@@_JH@Z 1005b3d0     libucrt:fseek.obj
 0002:0000e3f0       __sehtable$_fread_s        1005b3f0     libucrt:fread.obj
 0002:0000e410       __sehtable$__query_new_handler 1005b410     libucrt:new_handler.obj
 0002:0000e430       __sehtable$_terminate      1005b430     libucrt:terminate.obj
 0002:0000e450       __sehtable$??R<lambda_6e4b09c48022b2350581041d5f6b0c4c>@@QBE@XZ 1005b450     libucrt:exit.obj
 0002:0000e470       __sehtable$??$?RV<lambda_03b1d95aef87969028cfba75ccab2455>@@AAV<lambda_6e4b09c48022b2350581041d5f6b0c4c>@@V<lambda_22bdf7517842c4b3e53723af5aa32b9e>@@@?$__crt_seh_guarded_call@X@@QAEX$$QAV<lambda_03b1d95aef87969028cfba75ccab2455>@@AAV<lambda_6e4b09c48022b2350581041d5f6b0c4c>@@$$QAV<lambda_22bdf7517842c4b3e53723af5aa32b9e>@@@Z 1005b470     libucrt:exit.obj
 0002:0000e490       __sehtable$??$?RV<lambda_7ac4055421038abea736e08bd20712a4>@@AAV<lambda_a10e4b102d4a2c3aac6f4f48bbdf488f>@@V<lambda_1da61822885009acd1bf848af4f9644b>@@@?$__crt_seh_guarded_call@H@@QAEH$$QAV<lambda_7ac4055421038abea736e08bd20712a4>@@AAV<lambda_a10e4b102d4a2c3aac6f4f48bbdf488f>@@$$QAV<lambda_1da61822885009acd1bf848af4f9644b>@@@Z 1005b490     libucrt:onexit.obj
 0002:0000e4b0       __sehtable$??$?RV<lambda_69a2805e680e0e292e8ba93315fe43a8>@@AAV<lambda_f03950bc5685219e0bcd2087efbe011e>@@V<lambda_03fcd07e894ec930e3f35da366ca99d6>@@@?$__crt_seh_guarded_call@H@@QAEH$$QAV<lambda_69a2805e680e0e292e8ba93315fe43a8>@@AAV<lambda_f03950bc5685219e0bcd2087efbe011e>@@$$QAV<lambda_03fcd07e894ec930e3f35da366ca99d6>@@@Z 1005b4b0     libucrt:onexit.obj
 0002:0000e4d0       __sehtable$??$?RV<lambda_2866be3712abc81a800a822484c830d8>@@AAV<lambda_39ca0ed439415581b5b15c265174cece>@@V<lambda_2b24c74d71094a6cd0cb82e44167d71b>@@@?$__crt_seh_guarded_call@X@@QAEX$$QAV<lambda_2866be3712abc81a800a822484c830d8>@@AAV<lambda_39ca0ed439415581b5b15c265174cece>@@$$QAV<lambda_2b24c74d71094a6cd0cb82e44167d71b>@@@Z 1005b4d0     libucrt:fflush.obj
 0002:0000e4f0       __sehtable$??$?RV<lambda_2cc53f568c5a2bb6f192f930a45d44ea>@@AAV<lambda_ab61a845afdef5b7c387490eaf3616ee>@@V<lambda_c2ffc0b7726aa6be21d5f0026187e748>@@@?$__crt_seh_guarded_call@X@@QAEX$$QAV<lambda_2cc53f568c5a2bb6f192f930a45d44ea>@@AAV<lambda_ab61a845afdef5b7c387490eaf3616ee>@@$$QAV<lambda_c2ffc0b7726aa6be21d5f0026187e748>@@@Z 1005b4f0     libucrt:fflush.obj
 0002:0000e510       __sehtable$??$?RV<lambda_6d20deecaf4856105ebacbad442d1079>@@AAV<lambda_9a32fed5bf61b6b509b2d3f6003082a1>@@V<lambda_63ea2239ed67c638ddbae41947fdf875>@@@?$__crt_seh_guarded_call@H@@QAEH$$QAV<lambda_6d20deecaf4856105ebacbad442d1079>@@AAV<lambda_9a32fed5bf61b6b509b2d3f6003082a1>@@$$QAV<lambda_63ea2239ed67c638ddbae41947fdf875>@@@Z 1005b510     libucrt:fflush.obj
 0002:0000e530       __sehtable$??$?RV<lambda_70c0770dcc4f6ec6272bb01dc82d3c91>@@AAV<lambda_ca71763b3c0644891230e4f79ea54fa6>@@V<lambda_ca266f0f09348b8765c113e3a39a2bc1>@@@?$__crt_seh_guarded_call@H@@QAEH$$QAV<lambda_70c0770dcc4f6ec6272bb01dc82d3c91>@@AAV<lambda_ca71763b3c0644891230e4f79ea54fa6>@@$$QAV<lambda_ca266f0f09348b8765c113e3a39a2bc1>@@@Z 1005b530     libucrt:setvbuf.obj
 0002:0000e550       __sehtable$_raise          1005b550     libucrt:signal.obj
 0002:0000e570       __sehtable$??$?RV<lambda_cbab9ec6f41b0180b23cc171c22676b0>@@AAV<lambda_44731a7d0e6d81c3e6aa82d741081786>@@V<lambda_4b292cb8dd18144e164572427af410ab>@@@?$__crt_seh_guarded_call@P6AXH@Z@@QAEP6AXH@Z$$QAV<lambda_cbab9ec6f41b0180b23cc171c22676b0>@@AAV<lambda_44731a7d0e6d81c3e6aa82d741081786>@@$$QAV<lambda_4b292cb8dd18144e164572427af410ab>@@@Z 1005b570     libucrt:signal.obj
 0002:0000e590       __sehtable$??$?RV<lambda_15ade71b0218206bbe3333a0c9b79046>@@AAV<lambda_da44e0f8b0f19ba52fefafb335991732>@@V<lambda_207f2d024fc103971653565357d6cd41>@@@?$__crt_seh_guarded_call@X@@QAEX$$QAV<lambda_15ade71b0218206bbe3333a0c9b79046>@@AAV<lambda_da44e0f8b0f19ba52fefafb335991732>@@$$QAV<lambda_207f2d024fc103971653565357d6cd41>@@@Z 1005b590     libucrt:per_thread_data.obj
 0002:0000e5b0       __sehtable$??$?RV<lambda_a7e850c220f1c8d1e6efeecdedd162c6>@@AAV<lambda_46720907175c18b6c9d2717bc0d2d362>@@V<lambda_9048902d66e8d99359bc9897bbb930a8>@@@?$__crt_seh_guarded_call@X@@QAEX$$QAV<lambda_a7e850c220f1c8d1e6efeecdedd162c6>@@AAV<lambda_46720907175c18b6c9d2717bc0d2d362>@@$$QAV<lambda_9048902d66e8d99359bc9897bbb930a8>@@@Z 1005b5b0     libucrt:per_thread_data.obj
 0002:0000e5d0       __sehtable$??$?RV<lambda_38edbb1296d33220d7e4dd0ed76b244a>@@AAV<lambda_5ce1d447e08cb34b2473517608e21441>@@V<lambda_fb385d3da700c9147fc39e65dd577a8c>@@@?$__crt_seh_guarded_call@X@@QAEX$$QAV<lambda_38edbb1296d33220d7e4dd0ed76b244a>@@AAV<lambda_5ce1d447e08cb34b2473517608e21441>@@$$QAV<lambda_fb385d3da700c9147fc39e65dd577a8c>@@@Z 1005b5d0     libucrt:per_thread_data.obj
 0002:0000e5f0       __sehtable$??$?RV<lambda_6affb1475c98b40b75cdec977db92e3c>@@AAV<lambda_b8d4b9c228a6ecc3f80208dbb4b4a104>@@V<lambda_608742c3c92a14382c1684fc64f96c88>@@@?$__crt_seh_guarded_call@X@@QAEX$$QAV<lambda_6affb1475c98b40b75cdec977db92e3c>@@AAV<lambda_b8d4b9c228a6ecc3f80208dbb4b4a104>@@$$QAV<lambda_608742c3c92a14382c1684fc64f96c88>@@@Z 1005b5f0     libucrt:per_thread_data.obj
 0002:0000e610       __sehtable$??$?RV<lambda_e5124f882df8998aaf41531e079ba474>@@AAV<lambda_3e16ef9562a7dcce91392c22ab16ea36>@@V<lambda_e25ca0880e6ef98be67edffd8c599615>@@@?$__crt_seh_guarded_call@X@@QAEX$$QAV<lambda_e5124f882df8998aaf41531e079ba474>@@AAV<lambda_3e16ef9562a7dcce91392c22ab16ea36>@@$$QAV<lambda_e25ca0880e6ef98be67edffd8c599615>@@@Z 1005b610     libucrt:wsetlocale.obj
 0002:0000e630       __sehtable$___acrt_initialize_lowio 1005b630     libucrt:ioinit.obj
 0002:0000e650       __sehtable$__fcloseall     1005b650     libucrt:closeall.obj
 0002:0000e670       __sehtable$?__acrt_stdio_allocate_stream@@YA?AV__crt_stdio_stream@@XZ 1005b670     libucrt:stream.obj
 0002:0000e690       __sehtable$??$?RV<lambda_218ce3db14220d0be481dae8ef3383b6>@@AAV<lambda_628dfdc04ba53c8bfc02c9951375f3f5>@@V<lambda_57dc472bd5c9d5f3b2cbca59b8a843ae>@@@?$__crt_seh_guarded_call@H@@QAEH$$QAV<lambda_218ce3db14220d0be481dae8ef3383b6>@@AAV<lambda_628dfdc04ba53c8bfc02c9951375f3f5>@@$$QAV<lambda_57dc472bd5c9d5f3b2cbca59b8a843ae>@@@Z 1005b690     libucrt:close.obj
 0002:0000e6b0       __sehtable$??$common_lseek@_J@@YA_JH_JH@Z 1005b6b0     libucrt:lseek.obj
 0002:0000e6d0       __sehtable$__read          1005b6d0     libucrt:read.obj
 0002:0000e6f0       __sehtable$?update_thread_multibyte_data_internal@@YAPAU__crt_multibyte_data@@QAU__acrt_ptd@@QAPAU1@@Z 1005b6f0     libucrt:mbctype.obj
 0002:0000e710       __sehtable$??$?RV<lambda_ceb1ee4838e85a9d631eb091e2fbe199>@@AAV<lambda_ae742caa10f662c28703da3d2ea5e57e>@@V<lambda_cd08b5d6af4937fe54fc07d0c9bf6b37>@@@?$__crt_seh_guarded_call@X@@QAEX$$QAV<lambda_ceb1ee4838e85a9d631eb091e2fbe199>@@AAV<lambda_ae742caa10f662c28703da3d2ea5e57e>@@$$QAV<lambda_cd08b5d6af4937fe54fc07d0c9bf6b37>@@@Z 1005b710     libucrt:mbctype.obj
 0002:0000e730       __sehtable$??$?RV<lambda_9e9de3de5fa147e2223d7db92bc10aa6>@@AAV<lambda_38ce7e780aa69e748d6df282ebc68efe>@@V<lambda_8ca6da459f0f6780f1cff60fdc3d00e5>@@@?$__crt_seh_guarded_call@H@@QAEH$$QAV<lambda_9e9de3de5fa147e2223d7db92bc10aa6>@@AAV<lambda_38ce7e780aa69e748d6df282ebc68efe>@@$$QAV<lambda_8ca6da459f0f6780f1cff60fdc3d00e5>@@@Z 1005b730     libucrt:commit.obj
 0002:0000e750       __sehtable$__write         1005b750     libucrt:write.obj
 0002:0000e770       __sehtable$___acrt_update_thread_locale_data 1005b770     libucrt:locale_refcounting.obj
 0002:0000e790       __sehtable$__alloc_osfhnd  1005b790     libucrt:osfinfo.obj
 0002:0000e7b0       __sehtable$___acrt_lowio_ensure_fh_exists 1005b7b0     libucrt:osfinfo.obj
 0002:0000e7d0       __sehtable$??$common_sopen_dispatch@D@@YAHQBDHHHQAHH@Z 1005b7d0     libucrt:open.obj
 0002:0000e7ec       __unwindtable$?_wcstombs_l_helper@@YAIPADPB_WIPAU__crt_locale_pointers@@@Z 1005b7ec     libucrt:wcstombs.obj
 0002:0000e7f4       __ehfuncinfo$?_wcstombs_l_helper@@YAIPADPB_WIPAU__crt_locale_pointers@@@Z 1005b7f4     libucrt:wcstombs.obj
 0002:0000e818       __sehtable$__IsNonwritableInCurrentImage 1005b818     LIBCMT:pesect.obj
 0002:000104f0       .edata                     1005d4f0     oracledb.exp
 0002:00010518       rgpv                       1005d518     oracledb.exp
 0002:0001051c       rgszName                   1005d51c     oracledb.exp
 0002:00010520       rgwOrd                     1005d520     oracledb.exp
 0002:00010522       szName                     1005d522     oracledb.exp
 0002:00010530       $N00001                    1005d530     oracledb.exp
 0002:00010816       .idata$6                   1005d816     kernel32:KERNEL32.dll
 0003:00000020       ?__vcrt_flsindex@@3KA      1005e020     libvcruntime:per_thread_data.obj
 0003:000000f4       ?errno_no_memory@@3HA      1005e0f4     libucrt:errno.obj
 0003:000000f8       ?doserrno_no_memory@@3KA   1005e0f8     libucrt:errno.obj
 0003:000000fc       ?__acrt_flsindex@@3KA      1005e0fc     libucrt:per_thread_data.obj
 0003:00000520       __mbctypes                 1005e520     libucrt:mbctype.obj
 0003:00000628       __mbcasemaps               1005e628     libucrt:mbctype.obj
 0003:00000728       ?__rgctypeflag@@3PADA      1005e728     libucrt:mbctype.obj
 0003:00000730       ?__rgcode_page_info@@3PAUcode_page_info@@A 1005e730     libucrt:mbctype.obj
 0003:00000880       ?__dcrt_lowio_console_output_handle@@3PAXA 1005e880     libucrt:initcon.obj
 0003:000008a0       __module                   1005e8a0     njsOracle.obj
 0003:000008c8       _dpiDebugPrefixFormat      1005e8c8     dpiDebug.obj
 0003:00000b9c       ?is_initialized_as_dll@@3_NA 1005eb9c     LIBCMT:utility.obj
 0003:00000b9d       ?module_local_atexit_table_initialized@@3_NA 1005eb9d     LIBCMT:utility.obj
 0003:00000ba0       ?module_local_atexit_table@@3U_onexit_table_t@@A 1005eba0     LIBCMT:utility.obj
 0003:00000bac       ?module_local_at_quick_exit_table@@3U_onexit_table_t@@A 1005ebac     LIBCMT:utility.obj
 0003:00000bb8       _GS_ExceptionRecord        1005ebb8     LIBCMT:gs_report.obj
 0003:00000c08       _GS_ContextRecord          1005ec08     LIBCMT:gs_report.obj
 0003:00000ed4       ?__proc_attached@@3HA      1005eed4     LIBCMT:dll_dllmain.obj
 0003:00000efc       ?__vcrt_startup_thread_ptd@@3U__vcrt_ptd@@A 1005eefc     libvcruntime:per_thread_data.obj
 0003:00000f28       ___vcrt_lock_table         1005ef28     libvcruntime:locks.obj
 0003:00000f40       ___vcrt_locks_initialized  1005ef40     libvcruntime:locks.obj
 0003:00000f44       ?module_handles@@3PAPAUHINSTANCE__@@A 1005ef44     libvcruntime:winapi_downlevel.obj
 0003:00000f50       ?encoded_function_pointers@@3PAPAXA 1005ef50     libvcruntime:winapi_downlevel.obj
 0003:00000f8c       ?heap@@3V_HeapManager@@A   1005ef8c     libvcruntime:undname.obj
 0003:00000fa0       ?__acrt_invalid_parameter_handler@@3V?$dual_state_global@P6AXPB_W00II@Z@__crt_state_management@@A 1005efa0     libucrt:invalid_parameter.obj
 0003:00000fb0       ?__acrt_new_handler@@3V?$dual_state_global@P6AHI@Z@__crt_state_management@@A 1005efb0     libucrt:new_handler.obj
 0003:00000fb4       ?c_termination_complete@@3JA 1005efb4     libucrt:exit.obj
 0003:00000fb8       ?thread_local_exit_callback_func@@3P6GXPAXK0@ZA 1005efb8     libucrt:exit.obj
 0003:00000fc0       ?program_name@?1???$common_configure_argv@D@@YAHW4_crt_argv_mode@@@Z@4PADA 1005efc0     libucrt:argv_parsing.obj
 0003:000010f0       ?__acrt_app_type@@3W4_crt_app_type@@A 1005f0f0     libucrt:report_runtime_error.obj
 0003:000010f4       ___acrt_error_mode         1005f0f4     libucrt:set_error_mode.obj
 0003:000010f8       ?ctrlc_action@@3V?$dual_state_global@P6AXH@Z@__crt_state_management@@A 1005f0f8     libucrt:signal.obj
 0003:000010fc       ?ctrlbreak_action@@3V?$dual_state_global@P6AXH@Z@__crt_state_management@@A 1005f0fc     libucrt:signal.obj
 0003:00001100       ?abort_action@@3V?$dual_state_global@P6AXH@Z@__crt_state_management@@A 1005f100     libucrt:signal.obj
 0003:00001104       ?term_action@@3V?$dual_state_global@P6AXH@Z@__crt_state_management@@A 1005f104     libucrt:signal.obj
 0003:00001108       ?internal_state@?1??_mbtowc_l@@9@4U_Mbstatet@@A 1005f108     libucrt:mbtowc.obj
 0003:00001110       ?enable_percent_n@@3IA     1005f110     libucrt:printf_count_output.obj
 0003:00001330       ?module_handles@@3PAPAUHINSTANCE__@@A 1005f330     libucrt:winapi_thunks.obj
 0003:00001380       ?encoded_function_pointers@@3PAPAXA 1005f380     libucrt:winapi_thunks.obj
 0003:00001408       ?__acrt_lock_table@@3PAU_RTL_CRITICAL_SECTION@@A 1005f408     libucrt:locks.obj
 0003:00001558       ?__acrt_locks_initialized@@3IA 1005f558     libucrt:locks.obj
 0003:0000155c       ?state_cache@?1???$get_cached_win_policy@Udeveloper_information_policy_properties@?1??__acrt_get_developer_information_policy@@YA?AW4developer_information_policy@@XZ@@@YA?AW4developer_information_policy@@W4AppPolicyShowDeveloperDiagnostic@@@Z@4JA 1005f55c     libucrt:win_policies.obj
 0003:00001560       ?state_cache@?1???$get_cached_win_policy@Uwindowing_model_policy_properties@?1??__acrt_get_windowing_model_policy@@YA?AW4windowing_model_policy@@XZ@@@YA?AW4windowing_model_policy@@W4AppPolicyWindowingModel@@@Z@4JA 1005f560     libucrt:win_policies.obj
 0003:00001570       ?fSystemSet@@3HA           1005f570     libucrt:mbctype.obj
 0003:00001574       ?initialized@?1??__acrt_initialize_multibyte@@9@4_NA 1005f574     libucrt:mbctype.obj
 0003:00001594       ?user_matherr@@3V?$dual_state_global@P6AHPAU_exception@@@Z@__crt_state_management@@A 1005f594     libucrt:matherr.obj
 0003:00001598       ?__acrt_global_new_mode@@3V?$dual_state_global@J@__crt_state_management@@A 1005f598     libucrt:new_mode.obj
 0003:000015a8       ?internal_pst@?1??__mbrtoc32_utf8@__crt_mbstring@@YAIPA_UPBDIPAU_Mbstatet@@@Z@4U3@A 1005f5a8     libucrt:mbrtoc32.obj
 0003:000015b8       __pmatherr_set             1005f5b8     libucrt:libm_error.obj
 0003:000015c0       ?internal_pst@?1??__c16rtomb_utf8@__crt_mbstring@@YAIPAD_SPAU_Mbstatet@@@Z@4U3@A 1005f5c0     libucrt:c16rtomb.obj
 0003:00001620       _dpiDebugStream            1005f620     dpiDebug.obj
 0003:00001624       _dpiGlobalThreadKey        1005f624     dpiGlobal.obj
 0003:00001628       _dpiGlobalErrorHandle      1005f628     dpiGlobal.obj
 0003:0000162c       _dpiGlobalInitialized      1005f62c     dpiGlobal.obj
 0003:00001630       _dpiGlobalErrorBuffer      1005f630     dpiGlobal.obj
 0003:000022b0       _dpiGlobalMutex            100602b0     dpiGlobal.obj
 0003:000022c8       _dpiGlobalEnvHandle        100602c8     dpiGlobal.obj
 0003:000022cc       _dpiOciLibVersionInfo      100602cc     dpiOci.obj
 0003:000022e4       _dpiOciLibHandle           100602e4     dpiOci.obj
 0003:000022e8       _dpiOciSymbols             100602e8     dpiOci.obj
 0004:00000060       $R000000                   10061060     * linker generated manifest res *

 Exports

  ordinal    name

        1    __register_oracledb_
               exported name: _register_oracledb_
